Component: ARM Compiler 5.06 update 6 (build 750) Tool: armlink [4d35ed]

==============================================================================

Section Cross References

    main.o(i.Awaiting_samples_state) refers to leds.o(i.Control_RGB_LEDs) for Control_RGB_LEDs
    main.o(i.Awaiting_samples_state) refers to fflti.o(.text) for __aeabi_ui2f
    main.o(i.Awaiting_samples_state) refers to timers.o(.data) for number
    main.o(i.CLI_state) refers to _printf_percent.o(.ARM.Collect$$_printf_percent$$00000000) for _printf_percent
    main.o(i.CLI_state) refers to _printf_d.o(.ARM.Collect$$_printf_percent$$00000009) for _printf_d
    main.o(i.CLI_state) refers to _printf_dec.o(.text) for _printf_int_dec
    main.o(i.CLI_state) refers to leds.o(i.Control_RGB_LEDs) for Control_RGB_LEDs
    main.o(i.CLI_state) refers to uart.o(i.UART0_Receive_Poll) for UART0_Receive_Poll
    main.o(i.CLI_state) refers to noretval__2printf.o(.text) for __2printf
    main.o(i.CLI_state) refers to timers.o(i.Init_ADC) for Init_ADC
    main.o(i.CLI_state) refers to timers.o(i.Init_DMA_To_Copy) for Init_DMA_To_Copy
    main.o(i.CLI_state) refers to timers.o(i.Init_TPM0) for Init_TPM0
    main.o(i.CLI_state) refers to timers.o(i.Init_DMA_To_Copy1) for Init_DMA_To_Copy1
    main.o(i.CLI_state) refers to atoi.o(.text) for atoi
    main.o(i.CLI_state) refers to dflti.o(.text) for __aeabi_i2d
    main.o(i.CLI_state) refers to ddiv.o(.text) for __aeabi_ddiv
    main.o(i.CLI_state) refers to d2f.o(.text) for __aeabi_d2f
    main.o(i.CLI_state) refers to ffixui.o(.text) for __aeabi_f2uiz
    main.o(i.CLI_state) refers to timers.o(.data) for g_NumSamplesRemaining
    main.o(i.Sending_data_state) refers to _printf_percent.o(.ARM.Collect$$_printf_percent$$00000000) for _printf_percent
    main.o(i.Sending_data_state) refers to _printf_d.o(.ARM.Collect$$_printf_percent$$00000009) for _printf_d
    main.o(i.Sending_data_state) refers to _printf_f.o(.ARM.Collect$$_printf_percent$$00000003) for _printf_f
    main.o(i.Sending_data_state) refers to _printf_dec.o(.text) for _printf_int_dec
    main.o(i.Sending_data_state) refers to printf1.o(x$fpl$printf1) for _printf_fp_dec
    main.o(i.Sending_data_state) refers to leds.o(i.Control_RGB_LEDs) for Control_RGB_LEDs
    main.o(i.Sending_data_state) refers to fflti.o(.text) for __aeabi_ui2f
    main.o(i.Sending_data_state) refers to fmul.o(x$fpl$fmul) for __aeabi_fmul
    main.o(i.Sending_data_state) refers to fdiv.o(.text) for __aeabi_fdiv
    main.o(i.Sending_data_state) refers to f2d.o(.text) for __aeabi_f2d
    main.o(i.Sending_data_state) refers to noretval__2printf.o(.text) for __2printf
    main.o(i.Sending_data_state) refers to timers.o(.data) for count
    main.o(i.Sending_data_state) refers to timers.o(.bss) for g_samples
    main.o(i.main) refers to uart.o(i.Init_UART0) for Init_UART0
    main.o(i.main) refers to leds.o(i.Init_RGB_LEDs) for Init_RGB_LEDs
    main.o(i.main) refers to timers.o(i.Init_TPM1) for Init_TPM1
    main.o(i.main) refers to leds.o(i.Init_Debug_signals) for Init_Debug_signals
    main.o(i.main) refers to noretval__2printf.o(.text) for __2printf
    main.o(i.main) refers to uart.o(i.Send_String_Poll) for Send_String_Poll
    main.o(i.main) refers to main.o(i.CLI_state) for CLI_state
    main.o(i.main) refers to main.o(i.Awaiting_samples_state) for Awaiting_samples_state
    main.o(i.main) refers to main.o(i.Sending_data_state) for Sending_data_state
    main.o(i.main) refers to timers.o(.data) for g_NumSamplesRemaining
    queue.o(i.Q_Dequeue) refers to queue.o(i.Q_Empty) for Q_Empty
    queue.o(i.Q_Enqueue) refers to queue.o(i.Q_Full) for Q_Full
    uart.o(i.Init_UART0) refers to dflti.o(.text) for __aeabi_ui2d
    uart.o(i.Init_UART0) refers to ddiv.o(.text) for __aeabi_ddiv
    uart.o(i.Init_UART0) refers to dfixui.o(.text) for __aeabi_d2uiz
    uart.o(i.Send_String_Poll) refers to uart.o(i.UART0_Transmit_Poll) for UART0_Transmit_Poll
    timers.o(i.DMA0_IRQHandler) refers to leds.o(i.Control_RGB_LEDs) for Control_RGB_LEDs
    timers.o(i.DMA0_IRQHandler) refers to timers.o(.data) for g_NumSamplesRemaining
    timers.o(i.Init_ADC) refers to timers.o(.data) for number
    timers.o(i.Init_DMA_To_Copy) refers to timers.o(i.__NVIC_SetPriority) for __NVIC_SetPriority
    timers.o(i.Init_DMA_To_Copy) refers to timers.o(.data) for g_NumSamplesRemaining
    timers.o(i.Init_DMA_To_Copy) refers to timers.o(.bss) for g_samples
    timers.o(i.Init_TPM0) refers to aeabi_sdiv.o(.text) for __aeabi_idivmod
    timers.o(i.Init_TPM0) refers to timers.o(.data) for F_TPM_OVFLW
    startup_mkl25z4.o(STACK) refers (Special) to heapauxi.o(.text) for __use_two_region_memory
    startup_mkl25z4.o(HEAP) refers (Special) to heapauxi.o(.text) for __use_two_region_memory
    startup_mkl25z4.o(RESET) refers (Special) to heapauxi.o(.text) for __use_two_region_memory
[...]
    __main.o(!!!main) refers to __rtentry.o(.ARM.Collect$$rtentry$$00000000) for __rt_entry
    d2f.o(.text) refers (Special) to usenofp.o(x$fpl$usenofp) for __I$use$fp
    ddiv.o(.text) refers (Special) to usenofp.o(x$fpl$usenofp) for __I$use$fp
    ddiv.o(.text) refers to ddiv.o(.constdata) for .constdata
    ddiv.o(.constdata) refers (Special) to usenofp.o(x$fpl$usenofp) for __I$use$fp
    dfixui.o(.text) refers (Special) to usenofp.o(x$fpl$usenofp) for __I$use$fp
    dflti.o(.text) refers (Special) to usenofp.o(x$fpl$usenofp) for __I$use$fp
    f2d.o(.text) refers (Special) to usenofp.o(x$fpl$usenofp) for __I$use$fp
    fdiv.o(.text) refers (Special) to usenofp.o(x$fpl$usenofp) for __I$use$fp
    fdiv.o(.text) refers to fdiv.o(.constdata) for .constdata
    fdiv.o(.constdata) refers (Special) to usenofp.o(x$fpl$usenofp) for __I$use$fp
    ffixui.o(.text) refers (Special) to usenofp.o(x$fpl$usenofp) for __I$use$fp
    fflti.o(.text) refers (Special) to usenofp.o(x$fpl$usenofp) for __I$use$fp
    fmul.o(x$fpl$fmul) refers (Special) to usenofp.o(x$fpl$usenofp) for __I$use$fp
    printf1.o(x$fpl$printf1) refers to _printf_fp_dec.o(.text) for _printf_fp_dec_real
    __rtentry.o(.ARM.Collect$$rtentry$$00000000) refers (Special) to __rtentry2.o(.ARM.Collect$$rtentry$$0000000A) for __rt_entry_li
    __rtentry.o(.ARM.Collect$$rtentry$$00000000) refers (Special) to __rtentry2.o(.ARM.Collect$$rtentry$$0000000D) for __rt_entry_main
    __rtentry.o(.ARM.Collect$$rtentry$$00000000) refers (Special) to __rtentry2.o(.ARM.Collect$$rtentry$$0000000C) for __rt_entry_postli_1
    __rtentry.o(.ARM.Collect$$rtentry$$00000000) refers (Special) to __rtentry2.o(.ARM.Collect$$rtentry$$00000009) for __rt_entry_postsh_1
    __rtentry.o(.ARM.Collect$$rtentry$$00000000) refers (Special) to __rtentry2.o(.ARM.Collect$$rtentry$$00000002) for __rt_entry_presh_1
    __rtentry.o(.ARM.Collect$$rtentry$$00000000) refers (Special) to __rtentry4.o(.ARM.Collect$$rtentry$$00000004) for __rt_entry_sh
    aeabi_idiv0_sigfpe.o(.text) refers to rt_div0.o(.text) for __rt_div0
    rt_errno_addr.o(.text) refers to rt_errno_addr.o(.bss) for __aeabi_errno_addr_data
    rt_errno_addr_intlibspace.o(.text) refers to libspace.o(.bss) for __libspace_start
    _printf_fp_dec.o(.text) refers (Special) to usenofp.o(x$fpl$usenofp) for __I$use$fp
    _printf_fp_dec.o(.text) refers (Special) to lc_numeric_c.o(locale$$code) for _get_lc_numeric
    _printf_fp_dec.o(.text) refers to bigflt0.o(.text) for _btod_etento
    _printf_fp_dec.o(.text) refers to btod.o(.text) for _btod_d2e
    _printf_fp_dec.o(.text) refers to lludiv10.o(.text) for _ll_udiv10
    _printf_fp_dec.o(.text) refers to fpclassify.o(i.__ARM_fpclassify) for __ARM_fpclassify
    _printf_fp_dec.o(.text) refers to _printf_fp_infnan.o(.text) for _printf_fp_infnan
    _printf_fp_dec.o(.text) refers to rtudiv10.o(.text) for __rt_udiv10
    _printf_fp_dec.o(.text) refers to rt_locale_intlibspace.o(.text) for __rt_locale
    _printf_char_file.o(.text) refers to _printf_char_common.o(.text) for _printf_char_common
    _printf_char_file.o(.text) refers to ferror.o(.text) for ferror
    _printf_char_file.o(.text) refers to uart.o(i.fputc) for fputc
    strtol.o(.text) refers to rt_ctype_table.o(.text) for __rt_ctype_table
    strtol.o(.text) refers to _strtoul.o(.text) for _strtoul
    strtol.o(.text) refers to rt_errno_addr_intlibspace.o(.text) for __aeabi_errno_addr
    libspace.o(.text) refers to libspace.o(.bss) for __libspace_start
    __rtentry2.o(.ARM.Collect$$rtentry$$00000008) refers to boardinit2.o(.text) for _platform_post_stackheap_init
    __rtentry2.o(.ARM.Collect$$rtentry$$0000000A) refers to libinit.o(.ARM.Collect$$libinit$$00000000) for __rt_lib_init
    __rtentry2.o(.ARM.Collect$$rtentry$$0000000B) refers to boardinit3.o(.text) for _platform_post_lib_init
    __rtentry2.o(.ARM.Collect$$rtentry$$0000000D) refers to main.o(i.main) for main
    __rtentry2.o(.ARM.Collect$$rtentry$$0000000D) refers to exit.o(.text) for exit
    __rtentry2.o(.ARM.exidx) refers to __rtentry2.o(.ARM.Collect$$rtentry$$00000001) for .ARM.Collect$$rtentry$$00000001
    __rtentry2.o(.ARM.exidx) refers to __rtentry2.o(.ARM.Collect$$rtentry$$00000008) for .ARM.Collect$$rtentry$$00000008
    __rtentry2.o(.ARM.exidx) refers to __rtentry2.o(.ARM.Collect$$rtentry$$0000000A) for .ARM.Collect$$rtentry$$0000000A
    __rtentry2.o(.ARM.exidx) refers to __rtentry2.o(.ARM.Collect$$rtentry$$0000000B) for .ARM.Collect$$rtentry$$0000000B
    __rtentry2.o(.ARM.exidx) refers to __rtentry2.o(.ARM.Collect$$rtentry$$0000000D) for .ARM.Collect$$rtentry$$0000000D
    __rtentry4.o(.ARM.Collect$$rtentry$$00000004) refers to sys_stackheap_outer.o(.text) for __user_setup_stackheap
    __rtentry4.o(.ARM.exidx) refers to __rtentry4.o(.ARM.Collect$$rtentry$$00000004) for .ARM.Collect$$rtentry$$00000004
    rt_ctype_table.o(.text) refers to rt_locale_intlibspace.o(.text) for __rt_locale
    rt_ctype_table.o(.text) refers to lc_ctype_c.o(locale$$code) for _get_lc_ctype
    rt_div0.o(.text) refers to defsig_fpe_outer.o(.text) for __rt_SIGFPE
    rt_locale.o(.text) refers to rt_locale.o(.bss) for __rt_locale_data
    rt_locale_intlibspace.o(.text) refers to libspace.o(.bss) for __libspace_start
    _printf_char_common.o(.text) refers to __printf.o(.text) for __printf
    _strtoul.o(.text) refers to _chval.o(.text) for _chval
    _strtoul.o(.text) refers to rt_errno_addr_intlibspace.o(.text) for __aeabi_errno_addr
    bigflt0.o(.text) refers (Special) to usenofp.o(x$fpl$usenofp) for __I$use$fp
    bigflt0.o(.text) refers to aeabi_sdiv.o(.text) for __aeabi_idivmod
    bigflt0.o(.text) refers to btod.o(.text) for _btod_emul
    bigflt0.o(.text) refers to bigflt0.o(.constdata) for .constdata
    bigflt0.o(.constdata) refers (Special) to usenofp.o(x$fpl$usenofp) for __I$use$fp
    btod.o(.text) refers to btod.o(i.__ARM_common_ll_muluu) for __ARM_common_ll_muluu
    lc_numeric_c.o(locale$$data) refers (Special) to libinit2.o(.ARM.Collect$$libinit$$00000016) for __rt_lib_init_lc_numeric_2
    lc_numeric_c.o(locale$$code) refers (Special) to libinit2.o(.ARM.Collect$$libinit$$00000016) for __rt_lib_init_lc_numeric_2
    lc_numeric_c.o(locale$$code) refers to strcmp.o(.text) for strcmp
    lc_numeric_c.o(locale$$code) refers to lc_numeric_c.o(locale$$data) for __lcnum_c_name
    ieee_status.o(.text) refers (Special) to usenofp.o(x$fpl$usenofp) for __I$use$fp
    fpclassify.o(i.__ARM_fpclassify) refers (Special) to usenofp.o(x$fpl$usenofp) for __I$use$fp
    sys_stackheap_outer.o(.text) refers to libspace.o(.text) for __user_perproc_libspace
    sys_stackheap_outer.o(.text) refers to startup_mkl25z4.o(.text) for __user_initial_stackheap
    sys_stackheap_outer.o(__vectab_stack_and_reset_area) refers to tempstk.o(.text) for __temporary_stack_top
    sys_stackheap_outer.o(__vectab_stack_and_reset_area) refers to __main.o(!!!main) for __main
    lc_ctype_c.o(locale$$data) refers (Special) to libinit2.o(.ARM.Collect$$libinit$$00000012) for __rt_lib_init_lc_ctype_2
    lc_ctype_c.o(locale$$code) refers (Special) to libinit2.o(.ARM.Collect$$libinit$$00000012) for __rt_lib_init_lc_ctype_2
    lc_ctype_c.o(locale$$code) refers to strcmp.o(.text) for strcmp
    lc_ctype_c.o(locale$$code) refers to lc_ctype_c.o(locale$$data) for __lcctype_c_name
    exit.o(.text) refers to rtexit.o(.ARM.Collect$$rtexit$$00000000) for __rt_exit
    defsig_fpe_outer.o(.text) refers to defsig_fpe_inner.o(.text) for __rt_SIGFPE_inner
    defsig_fpe_outer.o(.text) refers to defsig_exit.o(.text) for __sig_exit
    defsig_fpe_formal.o(.text) refers to rt_raise.o(.text) for __rt_raise
    libinit.o(.ARM.Collect$$libinit$$00000000) refers (Special) to libinit2.o(.ARM.Collect$$libinit$$0000002E) for __rt_lib_init_alloca_1
    libinit.o(.ARM.Collect$$libinit$$00000000) refers (Special) to libinit2.o(.ARM.Collect$$libinit$$0000002C) for __rt_lib_init_argv_1
    libinit.o(.ARM.Collect$$libinit$$00000000) refers (Special) to libinit2.o(.ARM.Collect$$libinit$$0000001B) for __rt_lib_init_atexit_1
    libinit.o(.ARM.Collect$$libinit$$00000000) refers (Special) to libinit2.o(.ARM.Collect$$libinit$$00000021) for __rt_lib_init_clock_1
    libinit.o(.ARM.Collect$$libinit$$00000000) refers (Special) to libinit2.o(.ARM.Collect$$libinit$$00000032) for __rt_lib_init_cpp_1
    libinit.o(.ARM.Collect$$libinit$$00000000) refers (Special) to libinit2.o(.ARM.Collect$$libinit$$00000030) for __rt_lib_init_exceptions_1
    libinit.o(.ARM.Collect$$libinit$$00000000) refers (Special) to libinit2.o(.ARM.Collect$$libinit$$00000002) for __rt_lib_init_fp_1
    libinit.o(.ARM.Collect$$libinit$$00000000) refers (Special) to libinit2.o(.ARM.Collect$$libinit$$0000001F) for __rt_lib_init_fp_trap_1
    libinit.o(.ARM.Collect$$libinit$$00000000) refers (Special) to libinit2.o(.ARM.Collect$$libinit$$00000023) for __rt_lib_init_getenv_1
    libinit.o(.ARM.Collect$$libinit$$00000000) refers (Special) to libinit2.o(.ARM.Collect$$libinit$$0000000A) for __rt_lib_init_heap_1
    libinit.o(.ARM.Collect$$libinit$$00000000) refers (Special) to libinit2.o(.ARM.Collect$$libinit$$00000011) for __rt_lib_init_lc_collate_1
    libinit.o(.ARM.Collect$$libinit$$00000000) refers (Special) to libinit2.o(.ARM.Collect$$libinit$$00000013) for __rt_lib_init_lc_ctype_1
    libinit.o(.ARM.Collect$$libinit$$00000000) refers (Special) to libinit2.o(.ARM.Collect$$libinit$$00000015) for __rt_lib_init_lc_monetary_1
    libinit.o(.ARM.Collect$$libinit$$00000000) refers (Special) to libinit2.o(.ARM.Collect$$libinit$$00000017) for __rt_lib_init_lc_numeric_1
    libinit.o(.ARM.Collect$$libinit$$00000000) refers (Special) to libinit2.o(.ARM.Collect$$libinit$$00000019) for __rt_lib_init_lc_time_1
    libinit.o(.ARM.Collect$$libinit$$00000000) refers (Special) to libinit2.o(.ARM.Collect$$libinit$$00000004) for __rt_lib_init_preinit_1
    libinit.o(.ARM.Collect$$libinit$$00000000) refers (Special) to libinit2.o(.ARM.Collect$$libinit$$0000000E) for __rt_lib_init_rand_1
    libinit.o(.ARM.Collect$$libinit$$00000000) refers (Special) to libinit2.o(.ARM.Collect$$libinit$$00000033) for __rt_lib_init_return
    libinit.o(.ARM.Collect$$libinit$$00000000) refers (Special) to libinit2.o(.ARM.Collect$$libinit$$0000001D) for __rt_lib_init_signal_1
    libinit.o(.ARM.Collect$$libinit$$00000000) refers (Special) to libinit2.o(.ARM.Collect$$libinit$$00000025) for __rt_lib_init_stdio_1
    libinit.o(.ARM.Collect$$libinit$$00000000) refers (Special) to libinit2.o(.ARM.Collect$$libinit$$0000000C) for __rt_lib_init_user_alloc_1
    libinit2.o(.ARM.Collect$$libinit$$0000000F) refers (Weak) to rt_locale_intlibspace.o(.text) for __rt_locale
    libinit2.o(.ARM.Collect$$libinit$$00000010) refers to libinit2.o(.ARM.Collect$$libinit$$0000000F) for .ARM.Collect$$libinit$$0000000F
    libinit2.o(.ARM.Collect$$libinit$$00000012) refers to libinit2.o(.ARM.Collect$$libinit$$0000000F) for .ARM.Collect$$libinit$$0000000F
    libinit2.o(.ARM.Collect$$libinit$$00000012) refers (Weak) to lc_ctype_c.o(locale$$code) for _get_lc_ctype
    libinit2.o(.ARM.Collect$$libinit$$00000014) refers to libinit2.o(.ARM.Collect$$libinit$$0000000F) for .ARM.Collect$$libinit$$0000000F
    libinit2.o(.ARM.Collect$$libinit$$00000016) refers to libinit2.o(.ARM.Collect$$libinit$$0000000F) for .ARM.Collect$$libinit$$0000000F
    libinit2.o(.ARM.Collect$$libinit$$00000016) refers (Weak) to lc_numeric_c.o(locale$$code) for _get_lc_numeric
    libinit2.o(.ARM.Collect$$libinit$$00000018) refers to libinit2.o(.ARM.Collect$$libinit$$0000000F) for .ARM.Collect$$libinit$$0000000F
    libinit2.o(.ARM.Collect$$libinit$$00000026) refers to argv_veneer.o(.text) for __ARM_argv_veneer
    libinit2.o(.ARM.Collect$$libinit$$00000027) refers to argv_veneer.o(.text) for __ARM_argv_veneer
    rtexit.o(.ARM.Collect$$rtexit$$00000000) refers (Special) to rtexit2.o(.ARM.Collect$$rtexit$$00000004) for __rt_exit_exit
    rtexit.o(.ARM.Collect$$rtexit$$00000000) refers (Special) to rtexit2.o(.ARM.Collect$$rtexit$$00000003) for __rt_exit_ls
    rtexit.o(.ARM.Collect$$rtexit$$00000000) refers (Special) to rtexit2.o(.ARM.Collect$$rtexit$$00000002) for __rt_exit_prels_1
    rtexit.o(.ARM.exidx) refers (Special) to rtexit2.o(.ARM.Collect$$rtexit$$00000004) for __rt_exit_exit
    rtexit.o(.ARM.exidx) refers (Special) to rtexit2.o(.ARM.Collect$$rtexit$$00000003) for __rt_exit_ls
    rtexit.o(.ARM.exidx) refers (Special) to rtexit2.o(.ARM.Collect$$rtexit$$00000002) for __rt_exit_prels_1
    rtexit.o(.ARM.exidx) refers to rtexit.o(.ARM.Collect$$rtexit$$00000000) for .ARM.Collect$$rtexit$$00000000
    rt_raise.o(.text) refers to __raise.o(.text) for __raise
    rt_raise.o(.text) refers to sys_exit.o(.text) for _sys_exit
    defsig_exit.o(.text) refers to sys_exit.o(.text) for _sys_exit
    defsig_fpe_inner.o(.text) refers to defsig_general.o(.text) for __default_signal_display
    sys_exit.o(.text) refers (Special) to use_no_semi.o(.text) for __I$use$semihosting
    sys_exit.o(.text) refers (Special) to indicate_semi.o(.text) for __semihosting_library_function
    rtexit2.o(.ARM.Collect$$rtexit$$00000003) refers to libshutdown.o(.ARM.Collect$$libshutdown$$00000000) for __rt_lib_shutdown
    rtexit2.o(.ARM.Collect$$rtexit$$00000004) refers to sys_exit.o(.text) for _sys_exit
    rtexit2.o(.ARM.exidx) refers to rtexit2.o(.ARM.Collect$$rtexit$$00000001) for .ARM.Collect$$rtexit$$00000001
    rtexit2.o(.ARM.exidx) refers to rtexit2.o(.ARM.Collect$$rtexit$$00000003) for .ARM.Collect$$rtexit$$00000003
    rtexit2.o(.ARM.exidx) refers to rtexit2.o(.ARM.Collect$$rtexit$$00000004) for .ARM.Collect$$rtexit$$00000004
    __raise.o(.text) refers to defsig.o(CL$$defsig) for __default_signal_handler
    defsig_general.o(.text) refers to sys_wrch.o(.text) for _ttywrch
    _get_argv_nomalloc.o(.text) refers (Special) to hrguard.o(.text) for __heap_region$guard
    _get_argv_nomalloc.o(.text) refers to defsig_rtmem_outer.o(.text) for __rt_SIGRTMEM
    _get_argv_nomalloc.o(.text) refers to sys_command.o(.text) for _sys_command_string
    sys_wrch.o(.text) refers (Special) to use_no_semi.o(.text) for __I$use$semihosting
    sys_wrch.o(.text) refers (Special) to indicate_semi.o(.text) for __semihosting_library_function
    sys_command.o(.text) refers (Special) to use_no_semi.o(.text) for __I$use$semihosting
    sys_command.o(.text) refers (Special) to indicate_semi.o(.text) for __semihosting_library_function
    defsig_rtmem_outer.o(.text) refers to defsig_rtmem_inner.o(.text) for __rt_SIGRTMEM_inner
    defsig_rtmem_outer.o(.text) refers to defsig_exit.o(.text) for __sig_exit
    defsig_rtmem_formal.o(.text) refers to rt_raise.o(.text) for __rt_raise
    defsig.o(CL$$defsig) refers to defsig_fpe_inner.o(.text) for __rt_SIGFPE_inner
    defsig.o(CL$$defsig) refers to defsig_rtmem_inner.o(.text) for __rt_SIGRTMEM_inner
    libshutdown.o(.ARM.Collect$$libshutdown$$00000000) refers (Special) to libshutdown2.o(.ARM.Collect$$libshutdown$$00000002) for __rt_lib_shutdown_cpp_1
    libshutdown.o(.ARM.Collect$$libshutdown$$00000000) refers (Special) to libshutdown2.o(.ARM.Collect$$libshutdown$$00000007) for __rt_lib_shutdown_fp_trap_1
    libshutdown.o(.ARM.Collect$$libshutdown$$00000000) refers (Special) to libshutdown2.o(.ARM.Collect$$libshutdown$$0000000F) for __rt_lib_shutdown_heap_1
    libshutdown.o(.ARM.Collect$$libshutdown$$00000000) refers (Special) to libshutdown2.o(.ARM.Collect$$libshutdown$$00000010) for __rt_lib_shutdown_return
    libshutdown.o(.ARM.Collect$$libshutdown$$00000000) refers (Special) to libshutdown2.o(.ARM.Collect$$libshutdown$$0000000A) for __rt_lib_shutdown_signal_1
    libshutdown.o(.ARM.Collect$$libshutdown$$00000000) refers (Special) to libshutdown2.o(.ARM.Collect$$libshutdown$$00000004) for __rt_lib_shutdown_stdio_1
    libshutdown.o(.ARM.Collect$$libshutdown$$00000000) refers (Special) to libshutdown2.o(.ARM.Collect$$libshutdown$$0000000C) for __rt_lib_shutdown_user_alloc_1
    defsig_abrt_inner.o(.text) refers to defsig_general.o(.text) for __default_signal_display
    defsig_rtred_inner.o(.text) refers to defsig_general.o(.text) for __default_signal_display
    defsig_rtmem_inner.o(.text) refers to defsig_general.o(.text) for __default_signal_display
    defsig_stak_inner.o(.text) refers to defsig_general.o(.text) for __default_signal_display
    defsig_pvfn_inner.o(.text) refers to defsig_general.o(.text) for __default_signal_display
    defsig_cppl_inner.o(.text) refers to defsig_general.o(.text) for __default_signal_display
    defsig_segv_inner.o(.text) refers to defsig_general.o(.text) for __default_signal_display
    defsig_other.o(.text) refers to defsig_general.o(.text) for __default_signal_display


==============================================================================

Removing Unused input sections from the image.

    Removing main.o(.rev16_text), (4 bytes).
    Removing main.o(.revsh_text), (4 bytes).
    Removing queue.o(.rev16_text), (4 bytes).
    Removing queue.o(.revsh_text), (4 bytes).
    Removing queue.o(i.Q_Dequeue), (76 bytes).
    Removing queue.o(i.Q_Empty), (16 bytes).
    Removing queue.o(i.Q_Enqueue), (68 bytes).
    Removing queue.o(i.Q_Full), (20 bytes).
    Removing queue.o(i.Q_Init), (28 bytes).
    Removing queue.o(i.Q_Size), (6 bytes).
    Removing uart.o(.rev16_text), (4 bytes).
    Removing uart.o(.revsh_text), (4 bytes).
    Removing uart.o(i.fgetc), (28 bytes).
    Removing uart.o(.bss), (536 bytes).
    Removing delay.o(.rev16_text), (4 bytes).
    Removing delay.o(.revsh_text), (4 bytes).
    Removing delay.o(i.Delay), (28 bytes).
    Removing timers.o(.rev16_text), (4 bytes).
    Removing timers.o(.revsh_text), (4 bytes).
    Removing leds.o(.rev16_text), (4 bytes).
    Removing leds.o(.revsh_text), (4 bytes).
    Removing system_mkl25z4.o(.rev16_text), (4 bytes).
    Removing system_mkl25z4.o(.revsh_text), (4 bytes).
    Removing system_mkl25z4.o(i.SystemCoreClockUpdate), (400 bytes).
    Removing system_mkl25z4.o(.data), (4 bytes).
    Removing system_mkl25z4.o(i.__ARM_common_switch8), (28 bytes).

26 unused section(s) (total 1294 bytes) removed from the image.

==============================================================================

Image Symbol Table

    Local Symbols

    Symbol Name                              Value     Ov Type        Size  Object(Section)

    RESET                                    0x00000000   Section      192  startup_mkl25z4.o(RESET)
    ../clib/angel/boardlib.s                 0x00000000   Number         0  boardinit1.o ABSOLUTE
    ../clib/angel/boardlib.s                 0x00000000   Number         0  boardinit2.o ABSOLUTE
    ../clib/angel/boardlib.s                 0x00000000   Number         0  boardinit3.o ABSOLUTE
    ../clib/angel/boardlib.s                 0x00000000   Number         0  boardshut.o ABSOLUTE
    ../clib/angel/handlers.s                 0x00000000   Number         0  __scatter_zi.o ABSOLUTE
    ../clib/angel/handlers.s                 0x00000000   Number         0  __scatter_copy.o ABSOLUTE
    ../clib/angel/kernel.s                   0x00000000   Number         0  rtexit.o ABSOLUTE
    ../clib/angel/kernel.s                   0x00000000   Number         0  __rtentry2.o ABSOLUTE
    ../clib/angel/kernel.s                   0x00000000   Number         0  __rtentry.o ABSOLUTE
    ../clib/angel/kernel.s                   0x00000000   Number         0  __rtentry4.o ABSOLUTE
    ../clib/angel/kernel.s                   0x00000000   Number         0  rtexit2.o ABSOLUTE
    ../clib/angel/rt.s                       0x00000000   Number         0  rt_raise.o ABSOLUTE
    ../clib/angel/rt.s                       0x00000000   Number         0  rt_errno_addr_intlibspace.o ABSOLUTE
    ../clib/angel/rt.s                       0x00000000   Number         0  rt_errno_addr.o ABSOLUTE
    ../clib/angel/rt.s                       0x00000000   Number         0  aeabi_idiv0.o ABSOLUTE
    ../clib/angel/rt.s                       0x00000000   Number         0  aeabi_idiv0_sigfpe.o ABSOLUTE
    ../clib/angel/rt.s                       0x00000000   Number         0  rt_div0.o ABSOLUTE
    ../clib/angel/rt.s                       0x00000000   Number         0  rt_ctype_table.o ABSOLUTE
    ../clib/angel/rt.s                       0x00000000   Number         0  rt_locale_intlibspace.o ABSOLUTE
    ../clib/angel/rt.s                       0x00000000   Number         0  rt_locale.o ABSOLUTE
    ../clib/angel/scatterp.s                 0x00000000   Number         0  __scatter.o ABSOLUTE
    ../clib/angel/startup.s                  0x00000000   Number         0  __main.o ABSOLUTE
    ../clib/angel/sys.s                      0x00000000   Number         0  indicate_semi.o ABSOLUTE
    ../clib/angel/sys.s                      0x00000000   Number         0  sys_stackheap_outer.o ABSOLUTE
    ../clib/angel/sys.s                      0x00000000   Number         0  tempstk.o ABSOLUTE
    ../clib/angel/sys.s                      0x00000000   Number         0  libspace.o ABSOLUTE
    ../clib/angel/sys.s                      0x00000000   Number         0  use_no_semi.o ABSOLUTE
    ../clib/angel/sysapp.c                   0x00000000   Number         0  sys_wrch.o ABSOLUTE
    ../clib/angel/sysapp.c                   0x00000000   Number         0  sys_command.o ABSOLUTE
    ../clib/angel/sysapp.c                   0x00000000   Number         0  sys_exit.o ABSOLUTE
    ../clib/armsys.c                         0x00000000   Number         0  _get_argv_nomalloc.o ABSOLUTE
    ../clib/armsys.c                         0x00000000   Number         0  no_argv.o ABSOLUTE
    ../clib/armsys.c                         0x00000000   Number         0  argv_veneer.o ABSOLUTE
    ../clib/bigflt.c                         0x00000000   Number         0  bigflt0.o ABSOLUTE
    ../clib/btod.c                           0x00000000   Number         0  btod.o ABSOLUTE
    ../clib/division.c                       0x00000000   Number         0  rtudiv10.o ABSOLUTE
    ../clib/division.c                       0x00000000   Number         0  lludiv10.o ABSOLUTE
    ../clib/division.s                       0x00000000   Number         0  aeabi_sdiv_div0.o ABSOLUTE
    ../clib/division.s                       0x00000000   Number         0  aeabi_sdiv.o ABSOLUTE
    ../clib/heapalloc.c                      0x00000000   Number         0  hrguard.o ABSOLUTE
    ../clib/heapaux.c                        0x00000000   Number         0  heapauxi.o ABSOLUTE
    ../clib/libinit.s                        0x00000000   Number         0  libshutdown2.o ABSOLUTE
    ../clib/libinit.s                        0x00000000   Number         0  libinit.o ABSOLUTE
    ../clib/libinit.s                        0x00000000   Number         0  libinit2.o ABSOLUTE
    ../clib/libinit.s                        0x00000000   Number         0  libshutdown.o ABSOLUTE
    ../clib/locale.s                         0x00000000   Number         0  lc_numeric_c.o ABSOLUTE
    ../clib/locale.s                         0x00000000   Number         0  lc_ctype_c.o ABSOLUTE
    ../clib/printf.c                         0x00000000   Number         0  _printf_fp_infnan.o ABSOLUTE
    ../clib/printf.c                         0x00000000   Number         0  __printf_nopercent.o ABSOLUTE
    ../clib/printf.c                         0x00000000   Number         0  _printf_char_common.o ABSOLUTE
    ../clib/printf.c                         0x00000000   Number         0  __2printf.o ABSOLUTE
    ../clib/printf.c                         0x00000000   Number         0  noretval__2printf.o ABSOLUTE
    ../clib/printf.c                         0x00000000   Number         0  __printf.o ABSOLUTE
    ../clib/printf.c                         0x00000000   Number         0  _printf_dec.o ABSOLUTE
    ../clib/printf.c                         0x00000000   Number         0  __printf_flags.o ABSOLUTE
    ../clib/printf.c                         0x00000000   Number         0  __printf_ss.o ABSOLUTE
    ../clib/printf.c                         0x00000000   Number         0  __printf_flags_ss.o ABSOLUTE
    ../clib/printf.c                         0x00000000   Number         0  __printf_wp.o ABSOLUTE
    ../clib/printf.c                         0x00000000   Number         0  __printf_flags_wp.o ABSOLUTE
    ../clib/printf.c                         0x00000000   Number         0  __printf_ss_wp.o ABSOLUTE
    ../clib/printf.c                         0x00000000   Number         0  __printf_flags_ss_wp.o ABSOLUTE
    ../clib/printf.c                         0x00000000   Number         0  _printf_intcommon.o ABSOLUTE
    ../clib/printf.c                         0x00000000   Number         0  _printf_fp_dec.o ABSOLUTE
    ../clib/printf.c                         0x00000000   Number         0  _printf_char_file.o ABSOLUTE
    ../clib/printf_percent.s                 0x00000000   Number         0  _printf_percent.o ABSOLUTE
    ../clib/printf_percent.s                 0x00000000   Number         0  _printf_percent_end.o ABSOLUTE
    ../clib/printf_percent.s                 0x00000000   Number         0  _printf_f.o ABSOLUTE
    ../clib/printf_percent.s                 0x00000000   Number         0  _printf_d.o ABSOLUTE
    ../clib/scanf.c                          0x00000000   Number         0  _strtoul.o ABSOLUTE
    ../clib/scanf.c                          0x00000000   Number         0  strtol.o ABSOLUTE
    ../clib/scanf.c                          0x00000000   Number         0  _chval.o ABSOLUTE
    ../clib/scanf.c                          0x00000000   Number         0  atoi.o ABSOLUTE
    ../clib/signal.c                         0x00000000   Number         0  __raise.o ABSOLUTE
    ../clib/signal.c                         0x00000000   Number         0  defsig_rtmem_formal.o ABSOLUTE
    ../clib/signal.c                         0x00000000   Number         0  defsig_general.o ABSOLUTE
    ../clib/signal.c                         0x00000000   Number         0  defsig_other.o ABSOLUTE
    ../clib/signal.c                         0x00000000   Number         0  defsig_abrt_inner.o ABSOLUTE
    ../clib/signal.c                         0x00000000   Number         0  defsig_segv_inner.o ABSOLUTE
    ../clib/signal.c                         0x00000000   Number         0  defsig_rtred_inner.o ABSOLUTE
    ../clib/signal.c                         0x00000000   Number         0  defsig_rtmem_inner.o ABSOLUTE
    ../clib/signal.c                         0x00000000   Number         0  defsig_stak_inner.o ABSOLUTE
    ../clib/signal.c                         0x00000000   Number         0  defsig_rtmem_outer.o ABSOLUTE
    ../clib/signal.c                         0x00000000   Number         0  defsig_fpe_inner.o ABSOLUTE
    ../clib/signal.c                         0x00000000   Number         0  defsig_exit.o ABSOLUTE
    ../clib/signal.c                         0x00000000   Number         0  defsig_pvfn_inner.o ABSOLUTE
    ../clib/signal.c                         0x00000000   Number         0  defsig_fpe_outer.o ABSOLUTE
    ../clib/signal.c                         0x00000000   Number         0  defsig_cppl_inner.o ABSOLUTE
    ../clib/signal.c                         0x00000000   Number         0  defsig_fpe_formal.o ABSOLUTE
    ../clib/signal.s                         0x00000000   Number         0  defsig.o ABSOLUTE
    ../clib/stdio.c                          0x00000000   Number         0  ferror.o ABSOLUTE
    ../clib/stdio.c                          0x00000000   Number         0  ferror_locked.o ABSOLUTE
    ../clib/stdlib.c                         0x00000000   Number         0  exit.o ABSOLUTE
    ../clib/string.c                         0x00000000   Number         0  strcmp.o ABSOLUTE
    ../fplib/cfplib/d2f.c                    0x00000000   Number         0  d2f.o ABSOLUTE
    ../fplib/cfplib/ddiv.c                   0x00000000   Number         0  ddiv.o ABSOLUTE
    ../fplib/cfplib/f2d.c                    0x00000000   Number         0  f2d.o ABSOLUTE
    ../fplib/cfplib/fdiv.c                   0x00000000   Number         0  fdiv.o ABSOLUTE
    ../fplib/cfplib/ffix.c                   0x00000000   Number         0  dfixui.o ABSOLUTE
    ../fplib/cfplib/ffix.c                   0x00000000   Number         0  ffixui.o ABSOLUTE
    ../fplib/cfplib/fflt.c                   0x00000000   Number         0  fflti.o ABSOLUTE
    ../fplib/cfplib/fflt.c                   0x00000000   Number         0  dflti.o ABSOLUTE
    ../fplib/cfplib/fpinit.c                 0x00000000   Number         0  fpinit.o ABSOLUTE
    ../fplib/cfplib/ieee_status.c            0x00000000   Number         0  ieee_status.o ABSOLUTE
    ../fplib/fmul6m.s                        0x00000000   Number         0  fmul.o ABSOLUTE
    ../fplib/printf1.s                       0x00000000   Number         0  printf1.o ABSOLUTE
    ../fplib/usenofp.s                       0x00000000   Number         0  usenofp.o ABSOLUTE
    ../mathlib/fpclassify.c                  0x00000000   Number         0  fpclassify.o ABSOLUTE
    ..\Code\Chapter_7\Analog Waveform Generation\src\timers.c 0x00000000   Number         0  timers.o ABSOLUTE
    ..\\Code\\Chapter_7\\Analog Waveform Generation\\src\\timers.c 0x00000000   Number         0  timers.o ABSOLUTE
    RTE\Device\MKL25Z128xxx4\startup_MKL25Z4.s 0x00000000   Number         0  startup_mkl25z4.o ABSOLUTE
    RTE\Device\MKL25Z128xxx4\system_MKL25Z4.c 0x00000000   Number         0  system_mkl25z4.o ABSOLUTE
    RTE\\Device\\MKL25Z128xxx4\\system_MKL25Z4.c 0x00000000   Number         0  system_mkl25z4.o ABSOLUTE
    dc.s                                     0x00000000   Number         0  dc.o ABSOLUTE
    src\LEDs.c                               0x00000000   Number         0  leds.o ABSOLUTE
    src\UART.c                               0x00000000   Number         0  uart.o ABSOLUTE
    src\\LEDs.c                              0x00000000   Number         0  leds.o ABSOLUTE
    src\\UART.c                              0x00000000   Number         0  uart.o ABSOLUTE
    src\\delay.c                             0x00000000   Number         0  delay.o ABSOLUTE
    src\\main.c                              0x00000000   Number         0  main.o ABSOLUTE
    src\\queue.c                             0x00000000   Number         0  queue.o ABSOLUTE
    src\delay.c                              0x00000000   Number         0  delay.o ABSOLUTE
    src\main.c                               0x00000000   Number         0  main.o ABSOLUTE
    src\queue.c                              0x00000000   Number         0  queue.o ABSOLUTE
    !!!main                                  0x000000c0   Section        8  __main.o(!!!main)
    !!!scatter                               0x000000c8   Section       60  __scatter.o(!!!scatter)
    !!handler_copy                           0x00000104   Section       26  __scatter_copy.o(!!handler_copy)
    !!handler_zi                             0x00000120   Section       28  __scatter_zi.o(!!handler_zi)
    .ARM.Collect$$_printf_percent$$00000000  0x0000013c   Section        2  _printf_percent.o(.ARM.Collect$$_printf_percent$$00000000)
    .ARM.Collect$$_printf_percent$$00000003  0x0000013e   Section       10  _printf_f.o(.ARM.Collect$$_printf_percent$$00000003)
    .ARM.Collect$$_printf_percent$$00000009  0x00000148   Section       10  _printf_d.o(.ARM.Collect$$_printf_percent$$00000009)
    .ARM.Collect$$_printf_percent$$00000017  0x00000152   Section        4  _printf_percent_end.o(.ARM.Collect$$_printf_percent$$00000017)
    .ARM.Collect$$libinit$$00000000          0x00000156   Section        2  libinit.o(.ARM.Collect$$libinit$$00000000)
    .ARM.Collect$$libinit$$00000002          0x00000158   Section        0  libinit2.o(.ARM.Collect$$libinit$$00000002)
    .ARM.Collect$$libinit$$00000004          0x00000158   Section        0  libinit2.o(.ARM.Collect$$libinit$$00000004)
    .ARM.Collect$$libinit$$0000000A          0x00000158   Section        0  libinit2.o(.ARM.Collect$$libinit$$0000000A)
    .ARM.Collect$$libinit$$0000000C          0x00000158   Section        0  libinit2.o(.ARM.Collect$$libinit$$0000000C)
    .ARM.Collect$$libinit$$0000000E          0x00000158   Section        0  libinit2.o(.ARM.Collect$$libinit$$0000000E)
    .ARM.Collect$$libinit$$0000000F          0x00000158   Section        6  libinit2.o(.ARM.Collect$$libinit$$0000000F)
    .ARM.Collect$$libinit$$00000011          0x0000015e   Section        0  libinit2.o(.ARM.Collect$$libinit$$00000011)
    .ARM.Collect$$libinit$$00000012          0x0000015e   Section       12  libinit2.o(.ARM.Collect$$libinit$$00000012)
    .ARM.Collect$$libinit$$00000013          0x0000016a   Section        0  libinit2.o(.ARM.Collect$$libinit$$00000013)
    .ARM.Collect$$libinit$$00000015          0x0000016a   Section        0  libinit2.o(.ARM.Collect$$libinit$$00000015)
    .ARM.Collect$$libinit$$00000016          0x0000016a   Section       10  libinit2.o(.ARM.Collect$$libinit$$00000016)
    .ARM.Collect$$libinit$$00000017          0x00000174   Section        0  libinit2.o(.ARM.Collect$$libinit$$00000017)
    .ARM.Collect$$libinit$$00000019          0x00000174   Section        0  libinit2.o(.ARM.Collect$$libinit$$00000019)
    .ARM.Collect$$libinit$$0000001B          0x00000174   Section        0  libinit2.o(.ARM.Collect$$libinit$$0000001B)
    .ARM.Collect$$libinit$$0000001D          0x00000174   Section        0  libinit2.o(.ARM.Collect$$libinit$$0000001D)
    .ARM.Collect$$libinit$$0000001F          0x00000174   Section        0  libinit2.o(.ARM.Collect$$libinit$$0000001F)
    .ARM.Collect$$libinit$$00000021          0x00000174   Section        0  libinit2.o(.ARM.Collect$$libinit$$00000021)
    .ARM.Collect$$libinit$$00000023          0x00000174   Section        0  libinit2.o(.ARM.Collect$$libinit$$00000023)
    .ARM.Collect$$libinit$$00000025          0x00000174   Section        0  libinit2.o(.ARM.Collect$$libinit$$00000025)
    .ARM.Collect$$libinit$$0000002C          0x00000174   Section        0  libinit2.o(.ARM.Collect$$libinit$$0000002C)
    .ARM.Collect$$libinit$$0000002E          0x00000174   Section        0  libinit2.o(.ARM.Collect$$libinit$$0000002E)
    .ARM.Collect$$libinit$$00000030          0x00000174   Section        0  libinit2.o(.ARM.Collect$$libinit$$00000030)
    .ARM.Collect$$libinit$$00000032          0x00000174   Section        0  libinit2.o(.ARM.Collect$$libinit$$00000032)
    .ARM.Collect$$libinit$$00000033          0x00000174   Section        2  libinit2.o(.ARM.Collect$$libinit$$00000033)
    .ARM.Collect$$libshutdown$$00000000      0x00000176   Section        2  libshutdown.o(.ARM.Collect$$libshutdown$$00000000)
    .ARM.Collect$$libshutdown$$00000002      0x00000178   Section        0  libshutdown2.o(.ARM.Collect$$libshutdown$$00000002)
    .ARM.Collect$$libshutdown$$00000004      0x00000178   Section        0  libshutdown2.o(.ARM.Collect$$libshutdown$$00000004)
    .ARM.Collect$$libshutdown$$00000007      0x00000178   Section        0  libshutdown2.o(.ARM.Collect$$libshutdown$$00000007)
    .ARM.Collect$$libshutdown$$0000000A      0x00000178   Section        0  libshutdown2.o(.ARM.Collect$$libshutdown$$0000000A)
    .ARM.Collect$$libshutdown$$0000000C      0x00000178   Section        0  libshutdown2.o(.ARM.Collect$$libshutdown$$0000000C)
    .ARM.Collect$$libshutdown$$0000000F      0x00000178   Section        0  libshutdown2.o(.ARM.Collect$$libshutdown$$0000000F)
    .ARM.Collect$$libshutdown$$00000010      0x00000178   Section        2  libshutdown2.o(.ARM.Collect$$libshutdown$$00000010)
    .ARM.Collect$$rtentry$$00000000          0x0000017a   Section        0  __rtentry.o(.ARM.Collect$$rtentry$$00000000)
    .ARM.Collect$$rtentry$$00000002          0x0000017a   Section        0  __rtentry2.o(.ARM.Collect$$rtentry$$00000002)
    .ARM.Collect$$rtentry$$00000004          0x0000017a   Section        6  __rtentry4.o(.ARM.Collect$$rtentry$$00000004)
    .ARM.Collect$$rtentry$$00000009          0x00000180   Section        0  __rtentry2.o(.ARM.Collect$$rtentry$$00000009)
    .ARM.Collect$$rtentry$$0000000A          0x00000180   Section        4  __rtentry2.o(.ARM.Collect$$rtentry$$0000000A)
    .ARM.Collect$$rtentry$$0000000C          0x00000184   Section        0  __rtentry2.o(.ARM.Collect$$rtentry$$0000000C)
    .ARM.Collect$$rtentry$$0000000D          0x00000184   Section        8  __rtentry2.o(.ARM.Collect$$rtentry$$0000000D)
    .ARM.Collect$$rtexit$$00000000           0x0000018c   Section        2  rtexit.o(.ARM.Collect$$rtexit$$00000000)
    .ARM.Collect$$rtexit$$00000002           0x0000018e   Section        0  rtexit2.o(.ARM.Collect$$rtexit$$00000002)
    .ARM.Collect$$rtexit$$00000003           0x0000018e   Section        4  rtexit2.o(.ARM.Collect$$rtexit$$00000003)
    .ARM.Collect$$rtexit$$00000004           0x00000192   Section        6  rtexit2.o(.ARM.Collect$$rtexit$$00000004)
    .text                                    0x00000198   Section       64  startup_mkl25z4.o(.text)
    .text                                    0x000001d8   Section        0  noretval__2printf.o(.text)
    .text                                    0x000001f4   Section        0  __printf.o(.text)
    .text                                    0x00000260   Section        0  _printf_dec.o(.text)
    .text                                    0x000002cc   Section        0  atoi.o(.text)
    .text                                    0x000002e6   Section        0  heapauxi.o(.text)
    .text                                    0x000002ec   Section        0  d2f.o(.text)
    .text                                    0x00000368   Section        0  dfixui.o(.text)
    .text                                    0x000003b0   Section        0  ffixui.o(.text)
    .text                                    0x000003e0   Section        8  rt_errno_addr_intlibspace.o(.text)
    .text                                    0x000003e8   Section        8  libspace.o(.text)
    .text                                    0x000003f0   Section       16  rt_ctype_table.o(.text)
    .ARM.__at_0x400                          0x00000400   Section       16  startup_mkl25z4.o(.ARM.__at_0x400)
    .text                                    0x00000410   Section      346  aeabi_sdiv.o(.text)
    .text                                    0x0000056c   Section        0  ddiv.o(.text)
    .text                                    0x000009b4   Section        0  dflti.o(.text)
    .text                                    0x00000a0c   Section        0  f2d.o(.text)
    .text                                    0x00000a60   Section        0  fdiv.o(.text)
    .text                                    0x00000bc0   Section        0  fflti.o(.text)
    .text                                    0x00000c1e   Section        0  _printf_intcommon.o(.text)
    .text                                    0x00000cd0   Section        0  _printf_fp_dec.o(.text)
    _fp_digits                               0x00000cd3   Thumb Code   412  _printf_fp_dec.o(.text)
    .text                                    0x000010e8   Section        0  _printf_char_file.o(.text)
    .text                                    0x00001110   Section        0  strtol.o(.text)
    .text                                    0x00001180   Section        0  rtudiv10.o(.text)
    .text                                    0x000011a8   Section        8  rt_locale_intlibspace.o(.text)
    .text                                    0x000011b0   Section        0  lludiv10.o(.text)
    .text                                    0x0000122c   Section        0  _printf_char_common.o(.text)
    _printf_input_char                       0x0000122d   Thumb Code    10  _printf_char_common.o(.text)
    .text                                    0x0000125c   Section        0  _printf_fp_infnan.o(.text)
    .text                                    0x000012e4   Section        0  _strtoul.o(.text)
    .text                                    0x0000138c   Section        0  bigflt0.o(.text)
    .text                                    0x00001464   Section        0  btod.o(.text)
    btod_internal_mul                        0x000014a5   Thumb Code   492  btod.o(.text)
    btod_internal_div                        0x00001691   Thumb Code   520  btod.o(.text)
    .text                                    0x000019e4   Section        0  ferror.o(.text)
    .text                                    0x000019ec   Section       62  sys_stackheap_outer.o(.text)
    .text                                    0x00001a2a   Section        0  _chval.o(.text)
    .text                                    0x00001a48   Section        0  exit.o(.text)
    .text                                    0x00001a58   Section        0  strcmp.o(.text)
    .text                                    0x00001ae0   Section        0  sys_exit.o(.text)
    .text                                    0x00001aec   Section        2  use_no_semi.o(.text)
    .text                                    0x00001aee   Section        0  indicate_semi.o(.text)
    i.Awaiting_samples_state                 0x00001af0   Section        0  main.o(i.Awaiting_samples_state)
    i.CLI_state                              0x00001cbc   Section        0  main.o(i.CLI_state)
    i.Control_RGB_LEDs                       0x00001fe4   Section        0  leds.o(i.Control_RGB_LEDs)
    i.DMA0_IRQHandler                        0x00002030   Section        0  timers.o(i.DMA0_IRQHandler)
    i.Init_ADC                               0x0000208c   Section        0  timers.o(i.Init_ADC)
    i.Init_DMA_To_Copy                       0x00002268   Section        0  timers.o(i.Init_DMA_To_Copy)
    i.Init_DMA_To_Copy1                      0x00002310   Section        0  timers.o(i.Init_DMA_To_Copy1)
    i.Init_Debug_signals                     0x00002330   Section        0  leds.o(i.Init_Debug_signals)
    i.Init_RGB_LEDs                          0x000023b0   Section        0  leds.o(i.Init_RGB_LEDs)
    i.Init_TPM0                              0x0000243c   Section        0  timers.o(i.Init_TPM0)
    i.Init_TPM1                              0x00002484   Section        0  timers.o(i.Init_TPM1)
    i.Init_UART0                             0x0000250c   Section        0  uart.o(i.Init_UART0)
    i.Send_String_Poll                       0x000025f4   Section        0  uart.o(i.Send_String_Poll)
    i.Sending_data_state                     0x0000260c   Section        0  main.o(i.Sending_data_state)
    i.SystemInit                             0x000026cc   Section        0  system_mkl25z4.o(i.SystemInit)
    i.UART0_Receive_Poll                     0x00002804   Section        0  uart.o(i.UART0_Receive_Poll)
    i.UART0_Transmit_Poll                    0x0000281c   Section        0  uart.o(i.UART0_Transmit_Poll)
    i.__ARM_common_ll_muluu                  0x00002834   Section        0  btod.o(i.__ARM_common_ll_muluu)
    i.__ARM_fpclassify                       0x00002864   Section        0  fpclassify.o(i.__ARM_fpclassify)
    i.__NVIC_SetPriority                     0x00002890   Section        0  timers.o(i.__NVIC_SetPriority)
    __NVIC_SetPriority                       0x00002891   Thumb Code   110  timers.o(i.__NVIC_SetPriority)
    i.fputc                                  0x00002908   Section        0  uart.o(i.fputc)
    i.main                                   0x0000292c   Section        0  main.o(i.main)
    locale$$code                             0x000029cc   Section       44  lc_numeric_c.o(locale$$code)
    locale$$code                             0x000029f8   Section       44  lc_ctype_c.o(locale$$code)
    x$fpl$fmul                               0x00002a24   Section      176  fmul.o(x$fpl$fmul)
    x$fpl$printf1                            0x00002ad4   Section       16  printf1.o(x$fpl$printf1)
    .constdata                               0x00002ae4   Section      128  ddiv.o(.constdata)
    x$fpl$usenofp                            0x00002ae4   Section        0  usenofp.o(x$fpl$usenofp)
    ddiv_reciptbl                            0x00002ae4   Data         128  ddiv.o(.constdata)
    .constdata                               0x00002b64   Section       64  fdiv.o(.constdata)
    fdiv_tab                                 0x00002b64   Data          64  fdiv.o(.constdata)
    .constdata                               0x00002ba4   Section      148  bigflt0.o(.constdata)
    tenpwrs_x                                0x00002ba4   Data          60  bigflt0.o(.constdata)
    tenpwrs_i                                0x00002be0   Data          64  bigflt0.o(.constdata)
    locale$$data                             0x00002c58   Section       28  lc_numeric_c.o(locale$$data)
    __lcnum_c_name                           0x00002c5c   Data           2  lc_numeric_c.o(locale$$data)
    __lcnum_c_start                          0x00002c64   Data           0  lc_numeric_c.o(locale$$data)
    __lcnum_c_point                          0x00002c70   Data           0  lc_numeric_c.o(locale$$data)
    __lcnum_c_thousands                      0x00002c72   Data           0  lc_numeric_c.o(locale$$data)
    __lcnum_c_grouping                       0x00002c73   Data           0  lc_numeric_c.o(locale$$data)
    locale$$data                             0x00002c74   Section      272  lc_ctype_c.o(locale$$data)
    __lcnum_c_end                            0x00002c74   Data           0  lc_numeric_c.o(locale$$data)
    __lcctype_c_name                         0x00002c78   Data           2  lc_ctype_c.o(locale$$data)
    __lcctype_c_start                        0x00002c80   Data           0  lc_ctype_c.o(locale$$data)
    __lcctype_c_end                          0x00002d84   Data           0  lc_ctype_c.o(locale$$data)
    .data                                    0x1ffff000   Section        8  uart.o(.data)
    .data                                    0x1ffff008   Section       13  timers.o(.data)
    .bss                                     0x1ffff018   Section      240  timers.o(.bss)
    .bss                                     0x1ffff108   Section       96  libspace.o(.bss)
    HEAP                                     0x1ffff168   Section        0  startup_mkl25z4.o(HEAP)
    STACK                                    0x1ffff168   Section     1024  startup_mkl25z4.o(STACK)
    Heap_Mem                                 0x1ffff168   Data           0  startup_mkl25z4.o(HEAP)
    Stack_Mem                                0x1ffff168   Data        1024  startup_mkl25z4.o(STACK)
    __initial_sp                             0x1ffff568   Data           0  startup_mkl25z4.o(STACK)

    Global Symbols

    Symbol Name                              Value     Ov Type        Size  Object(Section)

    BuildAttributes$$THM_ISAv3M$S$PE$A:L22$X:L11$S22$IEEE1$IW$USESV6$~STKCKD$USESV7$~SHL$OTIME$ROPI$IEEEJ$EBA8$UX$STANDARDLIB$REQ8$PRES8$EABIv2 0x00000000   Number         0  anon$$obj.o ABSOLUTE
    __ARM_use_no_argv                        0x00000000   Number         0  main.o ABSOLUTE
    __Vectors                                0x00000000   Data           4  startup_mkl25z4.o(RESET)
    __ARM_exceptions_init                     - Undefined Weak Reference
    __alloca_initialize                       - Undefined Weak Reference
    __arm_preinit_                            - Undefined Weak Reference
    __cpp_initialize__aeabi_                  - Undefined Weak Reference
    __cxa_finalize                            - Undefined Weak Reference
    __sigvec_lookup                           - Undefined Weak Reference
    _atexit_init                              - Undefined Weak Reference
    _call_atexit_fns                          - Undefined Weak Reference
    _clock_init                               - Undefined Weak Reference
    _fp_trap_init                             - Undefined Weak Reference
    _fp_trap_shutdown                         - Undefined Weak Reference
    _get_lc_collate                           - Undefined Weak Reference
    _get_lc_monetary                          - Undefined Weak Reference
    _get_lc_time                              - Undefined Weak Reference
    _getenv_init                              - Undefined Weak Reference
    _handle_redirection                       - Undefined Weak Reference
    _init_alloc                               - Undefined Weak Reference
    _init_user_alloc                          - Undefined Weak Reference
    _initio                                   - Undefined Weak Reference
    _mutex_acquire                            - Undefined Weak Reference
    _mutex_release                            - Undefined Weak Reference
    _printf_post_padding                      - Undefined Weak Reference
    _printf_pre_padding                       - Undefined Weak Reference
    _printf_truncate_signed                   - Undefined Weak Reference
    _printf_truncate_unsigned                 - Undefined Weak Reference
    _rand_init                                - Undefined Weak Reference
    _signal_finish                            - Undefined Weak Reference
    _signal_init                              - Undefined Weak Reference
    _terminate_alloc                          - Undefined Weak Reference
    _terminate_user_alloc                     - Undefined Weak Reference
    _terminateio                              - Undefined Weak Reference
    __Vectors_End                            0x000000c0   Data           0  startup_mkl25z4.o(RESET)
    __Vectors_Size                           0x000000c0   Number         0  startup_mkl25z4.o ABSOLUTE
    __main                                   0x000000c1   Thumb Code     8  __main.o(!!!main)
    __scatterload                            0x000000c9   Thumb Code     0  __scatter.o(!!!scatter)
    __scatterload_rt2                        0x000000c9   Thumb Code    52  __scatter.o(!!!scatter)
    __scatterload_rt2_thumb_only             0x000000c9   Thumb Code     0  __scatter.o(!!!scatter)
    __scatterload_null                       0x000000d9   Thumb Code     0  __scatter.o(!!!scatter)
    __scatterload_copy                       0x00000105   Thumb Code    26  __scatter_copy.o(!!handler_copy)
    __scatterload_zeroinit                   0x00000121   Thumb Code    28  __scatter_zi.o(!!handler_zi)
    _printf_percent                          0x0000013d   Thumb Code     0  _printf_percent.o(.ARM.Collect$$_printf_percent$$00000000)
    _printf_f                                0x0000013f   Thumb Code     0  _printf_f.o(.ARM.Collect$$_printf_percent$$00000003)
    _printf_d                                0x00000149   Thumb Code     0  _printf_d.o(.ARM.Collect$$_printf_percent$$00000009)
    _printf_percent_end                      0x00000153   Thumb Code     0  _printf_percent_end.o(.ARM.Collect$$_printf_percent$$00000017)
    __rt_lib_init                            0x00000157   Thumb Code     0  libinit.o(.ARM.Collect$$libinit$$00000000)
    __rt_lib_init_fp_1                       0x00000159   Thumb Code     0  libinit2.o(.ARM.Collect$$libinit$$00000002)
    __rt_lib_init_heap_1                     0x00000159   Thumb Code     0  libinit2.o(.ARM.Collect$$libinit$$0000000A)
    __rt_lib_init_lc_common                  0x00000159   Thumb Code     0  libinit2.o(.ARM.Collect$$libinit$$0000000F)
    __rt_lib_init_preinit_1                  0x00000159   Thumb Code     0  libinit2.o(.ARM.Collect$$libinit$$00000004)
    __rt_lib_init_rand_1                     0x00000159   Thumb Code     0  libinit2.o(.ARM.Collect$$libinit$$0000000E)
    __rt_lib_init_user_alloc_1               0x00000159   Thumb Code     0  libinit2.o(.ARM.Collect$$libinit$$0000000C)
    __rt_lib_init_lc_collate_1               0x0000015f   Thumb Code     0  libinit2.o(.ARM.Collect$$libinit$$00000011)
    __rt_lib_init_lc_ctype_2                 0x0000015f   Thumb Code     0  libinit2.o(.ARM.Collect$$libinit$$00000012)
    __rt_lib_init_lc_ctype_1                 0x0000016b   Thumb Code     0  libinit2.o(.ARM.Collect$$libinit$$00000013)
    __rt_lib_init_lc_monetary_1              0x0000016b   Thumb Code     0  libinit2.o(.ARM.Collect$$libinit$$00000015)
    __rt_lib_init_lc_numeric_2               0x0000016b   Thumb Code     0  libinit2.o(.ARM.Collect$$libinit$$00000016)
    __rt_lib_init_alloca_1                   0x00000175   Thumb Code     0  libinit2.o(.ARM.Collect$$libinit$$0000002E)
    __rt_lib_init_argv_1                     0x00000175   Thumb Code     0  libinit2.o(.ARM.Collect$$libinit$$0000002C)
    __rt_lib_init_atexit_1                   0x00000175   Thumb Code     0  libinit2.o(.ARM.Collect$$libinit$$0000001B)
    __rt_lib_init_clock_1                    0x00000175   Thumb Code     0  libinit2.o(.ARM.Collect$$libinit$$00000021)
    __rt_lib_init_cpp_1                      0x00000175   Thumb Code     0  libinit2.o(.ARM.Collect$$libinit$$00000032)
    __rt_lib_init_exceptions_1               0x00000175   Thumb Code     0  libinit2.o(.ARM.Collect$$libinit$$00000030)
    __rt_lib_init_fp_trap_1                  0x00000175   Thumb Code     0  libinit2.o(.ARM.Collect$$libinit$$0000001F)
    __rt_lib_init_getenv_1                   0x00000175   Thumb Code     0  libinit2.o(.ARM.Collect$$libinit$$00000023)
    __rt_lib_init_lc_numeric_1               0x00000175   Thumb Code     0  libinit2.o(.ARM.Collect$$libinit$$00000017)
    __rt_lib_init_lc_time_1                  0x00000175   Thumb Code     0  libinit2.o(.ARM.Collect$$libinit$$00000019)
    __rt_lib_init_return                     0x00000175   Thumb Code     0  libinit2.o(.ARM.Collect$$libinit$$00000033)
    __rt_lib_init_signal_1                   0x00000175   Thumb Code     0  libinit2.o(.ARM.Collect$$libinit$$0000001D)
    __rt_lib_init_stdio_1                    0x00000175   Thumb Code     0  libinit2.o(.ARM.Collect$$libinit$$00000025)
    __rt_lib_shutdown                        0x00000177   Thumb Code     0  libshutdown.o(.ARM.Collect$$libshutdown$$00000000)
    __rt_lib_shutdown_cpp_1                  0x00000179   Thumb Code     0  libshutdown2.o(.ARM.Collect$$libshutdown$$00000002)
    __rt_lib_shutdown_fp_trap_1              0x00000179   Thumb Code     0  libshutdown2.o(.ARM.Collect$$libshutdown$$00000007)
    __rt_lib_shutdown_heap_1                 0x00000179   Thumb Code     0  libshutdown2.o(.ARM.Collect$$libshutdown$$0000000F)
    __rt_lib_shutdown_return                 0x00000179   Thumb Code     0  libshutdown2.o(.ARM.Collect$$libshutdown$$00000010)
    __rt_lib_shutdown_signal_1               0x00000179   Thumb Code     0  libshutdown2.o(.ARM.Collect$$libshutdown$$0000000A)
    __rt_lib_shutdown_stdio_1                0x00000179   Thumb Code     0  libshutdown2.o(.ARM.Collect$$libshutdown$$00000004)
    __rt_lib_shutdown_user_alloc_1           0x00000179   Thumb Code     0  libshutdown2.o(.ARM.Collect$$libshutdown$$0000000C)
    __rt_entry                               0x0000017b   Thumb Code     0  __rtentry.o(.ARM.Collect$$rtentry$$00000000)
    __rt_entry_presh_1                       0x0000017b   Thumb Code     0  __rtentry2.o(.ARM.Collect$$rtentry$$00000002)
    __rt_entry_sh                            0x0000017b   Thumb Code     0  __rtentry4.o(.ARM.Collect$$rtentry$$00000004)
    __rt_entry_li                            0x00000181   Thumb Code     0  __rtentry2.o(.ARM.Collect$$rtentry$$0000000A)
    __rt_entry_postsh_1                      0x00000181   Thumb Code     0  __rtentry2.o(.ARM.Collect$$rtentry$$00000009)
    __rt_entry_main                          0x00000185   Thumb Code     0  __rtentry2.o(.ARM.Collect$$rtentry$$0000000D)
    __rt_entry_postli_1                      0x00000185   Thumb Code     0  __rtentry2.o(.ARM.Collect$$rtentry$$0000000C)
    __rt_exit                                0x0000018d   Thumb Code     0  rtexit.o(.ARM.Collect$$rtexit$$00000000)
    __rt_exit_ls                             0x0000018f   Thumb Code     0  rtexit2.o(.ARM.Collect$$rtexit$$00000003)
    __rt_exit_prels_1                        0x0000018f   Thumb Code     0  rtexit2.o(.ARM.Collect$$rtexit$$00000002)
    __rt_exit_exit                           0x00000193   Thumb Code     0  rtexit2.o(.ARM.Collect$$rtexit$$00000004)
    Reset_Handler                            0x00000199   Thumb Code    12  startup_mkl25z4.o(.text)
    NMI_Handler                              0x000001a5   Thumb Code     2  startup_mkl25z4.o(.text)
    HardFault_Handler                        0x000001a7   Thumb Code     2  startup_mkl25z4.o(.text)
    SVC_Handler                              0x000001a9   Thumb Code     2  startup_mkl25z4.o(.text)
    PendSV_Handler                           0x000001ab   Thumb Code     2  startup_mkl25z4.o(.text)
    SysTick_Handler                          0x000001ad   Thumb Code     2  startup_mkl25z4.o(.text)
    ADC0_IRQHandler                          0x000001af   Thumb Code     0  startup_mkl25z4.o(.text)
    CMP0_IRQHandler                          0x000001af   Thumb Code     0  startup_mkl25z4.o(.text)
    DAC0_IRQHandler                          0x000001af   Thumb Code     0  startup_mkl25z4.o(.text)
    DMA1_IRQHandler                          0x000001af   Thumb Code     0  startup_mkl25z4.o(.text)
    DMA2_IRQHandler                          0x000001af   Thumb Code     0  startup_mkl25z4.o(.text)
    DMA3_IRQHandler                          0x000001af   Thumb Code     0  startup_mkl25z4.o(.text)
    DefaultISR                               0x000001af   Thumb Code     0  startup_mkl25z4.o(.text)
    FTFA_IRQHandler                          0x000001af   Thumb Code     0  startup_mkl25z4.o(.text)
    I2C0_IRQHandler                          0x000001af   Thumb Code     0  startup_mkl25z4.o(.text)
    I2C1_IRQHandler                          0x000001af   Thumb Code     0  startup_mkl25z4.o(.text)
    LLWU_IRQHandler                          0x000001af   Thumb Code     0  startup_mkl25z4.o(.text)
    LPTMR0_IRQHandler                        0x000001af   Thumb Code     0  startup_mkl25z4.o(.text)
    LVD_LVW_IRQHandler                       0x000001af   Thumb Code     0  startup_mkl25z4.o(.text)
    MCG_IRQHandler                           0x000001af   Thumb Code     0  startup_mkl25z4.o(.text)
    PIT_IRQHandler                           0x000001af   Thumb Code     0  startup_mkl25z4.o(.text)
    PORTA_IRQHandler                         0x000001af   Thumb Code     0  startup_mkl25z4.o(.text)
    PORTD_IRQHandler                         0x000001af   Thumb Code     0  startup_mkl25z4.o(.text)
    RTC_IRQHandler                           0x000001af   Thumb Code     0  startup_mkl25z4.o(.text)
    RTC_Seconds_IRQHandler                   0x000001af   Thumb Code     0  startup_mkl25z4.o(.text)
    Reserved20_IRQHandler                    0x000001af   Thumb Code     0  startup_mkl25z4.o(.text)
    Reserved39_IRQHandler                    0x000001af   Thumb Code     0  startup_mkl25z4.o(.text)
    Reserved45_IRQHandler                    0x000001af   Thumb Code     0  startup_mkl25z4.o(.text)
    SPI0_IRQHandler                          0x000001af   Thumb Code     0  startup_mkl25z4.o(.text)
    SPI1_IRQHandler                          0x000001af   Thumb Code     0  startup_mkl25z4.o(.text)
    TPM0_IRQHandler                          0x000001af   Thumb Code     0  startup_mkl25z4.o(.text)
    TPM1_IRQHandler                          0x000001af   Thumb Code     0  startup_mkl25z4.o(.text)
    TPM2_IRQHandler                          0x000001af   Thumb Code     0  startup_mkl25z4.o(.text)
    TSI0_IRQHandler                          0x000001af   Thumb Code     0  startup_mkl25z4.o(.text)
    UART0_IRQHandler                         0x000001af   Thumb Code     0  startup_mkl25z4.o(.text)
    UART1_IRQHandler                         0x000001af   Thumb Code     0  startup_mkl25z4.o(.text)
    UART2_IRQHandler                         0x000001af   Thumb Code     0  startup_mkl25z4.o(.text)
    USB0_IRQHandler                          0x000001af   Thumb Code     0  startup_mkl25z4.o(.text)
    __user_initial_stackheap                 0x000001b5   Thumb Code     0  startup_mkl25z4.o(.text)
    __2printf                                0x000001d9   Thumb Code    22  noretval__2printf.o(.text)
    __printf                                 0x000001f5   Thumb Code   108  __printf.o(.text)
    _printf_int_dec                          0x00000261   Thumb Code    90  _printf_dec.o(.text)
    atoi                                     0x000002cd   Thumb Code    26  atoi.o(.text)
    __use_two_region_memory                  0x000002e7   Thumb Code     2  heapauxi.o(.text)
    __rt_heap_escrow$2region                 0x000002e9   Thumb Code     2  heapauxi.o(.text)
    __rt_heap_expand$2region                 0x000002eb   Thumb Code     2  heapauxi.o(.text)
    __aeabi_d2f                              0x000002ed   Thumb Code     0  d2f.o(.text)
    _d2f                                     0x000002ed   Thumb Code   120  d2f.o(.text)
    __aeabi_d2uiz                            0x00000369   Thumb Code     0  dfixui.o(.text)
    _dfixu                                   0x00000369   Thumb Code    68  dfixui.o(.text)
    __aeabi_f2uiz                            0x000003b1   Thumb Code     0  ffixui.o(.text)
    _ffixu                                   0x000003b1   Thumb Code    48  ffixui.o(.text)
    __aeabi_errno_addr                       0x000003e1   Thumb Code     8  rt_errno_addr_intlibspace.o(.text)
    __errno$intlibspace                      0x000003e1   Thumb Code     0  rt_errno_addr_intlibspace.o(.text)
    __rt_errno_addr$intlibspace              0x000003e1   Thumb Code     0  rt_errno_addr_intlibspace.o(.text)
    __user_libspace                          0x000003e9   Thumb Code     8  libspace.o(.text)
    __user_perproc_libspace                  0x000003e9   Thumb Code     0  libspace.o(.text)
    __user_perthread_libspace                0x000003e9   Thumb Code     0  libspace.o(.text)
    __rt_ctype_table                         0x000003f1   Thumb Code    16  rt_ctype_table.o(.text)
    __aeabi_uidiv                            0x00000411   Thumb Code     0  aeabi_sdiv.o(.text)
    __aeabi_uidivmod                         0x00000411   Thumb Code    20  aeabi_sdiv.o(.text)
    __aeabi_idiv                             0x00000425   Thumb Code     0  aeabi_sdiv.o(.text)
    __aeabi_idivmod                          0x00000425   Thumb Code   326  aeabi_sdiv.o(.text)
    __aeabi_ddiv                             0x0000056d   Thumb Code     0  ddiv.o(.text)
    _ddiv                                    0x0000056d   Thumb Code  1072  ddiv.o(.text)
    _drdiv                                   0x0000099d   Thumb Code    20  ddiv.o(.text)
    __aeabi_i2d_normalise                    0x000009b5   Thumb Code    66  dflti.o(.text)
    __aeabi_i2d                              0x000009f7   Thumb Code    16  dflti.o(.text)
    _dflt                                    0x000009f7   Thumb Code     0  dflti.o(.text)
    __aeabi_ui2d                             0x00000a07   Thumb Code     6  dflti.o(.text)
    _dfltu                                   0x00000a07   Thumb Code     0  dflti.o(.text)
    __aeabi_f2d                              0x00000a0d   Thumb Code     0  f2d.o(.text)
    _f2d                                     0x00000a0d   Thumb Code    80  f2d.o(.text)
    __aeabi_fdiv                             0x00000a61   Thumb Code     0  fdiv.o(.text)
    _fdiv                                    0x00000a61   Thumb Code   334  fdiv.o(.text)
    _frdiv                                   0x00000baf   Thumb Code     8  fdiv.o(.text)
    __aeabi_i2f_normalise                    0x00000bc1   Thumb Code    72  fflti.o(.text)
    __aeabi_i2f                              0x00000c09   Thumb Code    16  fflti.o(.text)
    _fflt                                    0x00000c09   Thumb Code     0  fflti.o(.text)
    __aeabi_ui2f                             0x00000c19   Thumb Code     6  fflti.o(.text)
    _ffltu                                   0x00000c19   Thumb Code     0  fflti.o(.text)
    _printf_int_common                       0x00000c1f   Thumb Code   176  _printf_intcommon.o(.text)
    __lib_sel_fp_printf                      0x00000cd1   Thumb Code     2  _printf_fp_dec.o(.text)
    _printf_fp_dec_real                      0x00000e6f   Thumb Code   620  _printf_fp_dec.o(.text)
    _printf_char_file                        0x000010e9   Thumb Code    34  _printf_char_file.o(.text)
    strtol                                   0x00001111   Thumb Code   108  strtol.o(.text)
    __rt_udiv10                              0x00001181   Thumb Code    40  rtudiv10.o(.text)
    __rt_locale                              0x000011a9   Thumb Code     8  rt_locale_intlibspace.o(.text)
    _ll_udiv10                               0x000011b1   Thumb Code   122  lludiv10.o(.text)
    _printf_char_common                      0x00001237   Thumb Code    32  _printf_char_common.o(.text)
    _printf_fp_infnan                        0x0000125d   Thumb Code   120  _printf_fp_infnan.o(.text)
    _strtoul                                 0x000012e5   Thumb Code   166  _strtoul.o(.text)
    _btod_etento                             0x0000138d   Thumb Code   210  bigflt0.o(.text)
    _btod_d2e                                0x00001465   Thumb Code    64  btod.o(.text)
    _btod_emul                               0x00001899   Thumb Code    28  btod.o(.text)
    _btod_emuld                              0x000018b5   Thumb Code   144  btod.o(.text)
    _btod_ediv                               0x00001945   Thumb Code    26  btod.o(.text)
    _btod_edivd                              0x0000195f   Thumb Code   124  btod.o(.text)
    ferror                                   0x000019e5   Thumb Code     8  ferror.o(.text)
    __user_setup_stackheap                   0x000019ed   Thumb Code    62  sys_stackheap_outer.o(.text)
    _chval                                   0x00001a2b   Thumb Code    30  _chval.o(.text)
    exit                                     0x00001a49   Thumb Code    16  exit.o(.text)
    strcmp                                   0x00001a59   Thumb Code   132  strcmp.o(.text)
    _sys_exit                                0x00001ae1   Thumb Code     8  sys_exit.o(.text)
    __I$use$semihosting                      0x00001aed   Thumb Code     0  use_no_semi.o(.text)
    __use_no_semihosting_swi                 0x00001aed   Thumb Code     2  use_no_semi.o(.text)
    __semihosting_library_function           0x00001aef   Thumb Code     0  indicate_semi.o(.text)
    Awaiting_samples_state                   0x00001af1   Thumb Code   430  main.o(i.Awaiting_samples_state)
    CLI_state                                0x00001cbd   Thumb Code   488  main.o(i.CLI_state)
    Control_RGB_LEDs                         0x00001fe5   Thumb Code    70  leds.o(i.Control_RGB_LEDs)
    DMA0_IRQHandler                          0x00002031   Thumb Code    62  timers.o(i.DMA0_IRQHandler)
    Init_ADC                                 0x0000208d   Thumb Code   446  timers.o(i.Init_ADC)
    Init_DMA_To_Copy                         0x00002269   Thumb Code   132  timers.o(i.Init_DMA_To_Copy)
    Init_DMA_To_Copy1                        0x00002311   Thumb Code    24  timers.o(i.Init_DMA_To_Copy1)
    Init_Debug_signals                       0x00002331   Thumb Code   118  leds.o(i.Init_Debug_signals)
    Init_RGB_LEDs                            0x000023b1   Thumb Code   124  leds.o(i.Init_RGB_LEDs)
    Init_TPM0                                0x0000243d   Thumb Code    52  timers.o(i.Init_TPM0)
    Init_TPM1                                0x00002485   Thumb Code   120  timers.o(i.Init_TPM1)
    Init_UART0                               0x0000250d   Thumb Code   212  uart.o(i.Init_UART0)
    Send_String_Poll                         0x000025f5   Thumb Code    22  uart.o(i.Send_String_Poll)
    Sending_data_state                       0x0000260d   Thumb Code   148  main.o(i.Sending_data_state)
    SystemInit                               0x000026cd   Thumb Code   266  system_mkl25z4.o(i.SystemInit)
    UART0_Receive_Poll                       0x00002805   Thumb Code    20  uart.o(i.UART0_Receive_Poll)
    UART0_Transmit_Poll                      0x0000281d   Thumb Code    20  uart.o(i.UART0_Transmit_Poll)
    __ARM_common_ll_muluu                    0x00002835   Thumb Code    48  btod.o(i.__ARM_common_ll_muluu)
    __ARM_fpclassify                         0x00002865   Thumb Code    40  fpclassify.o(i.__ARM_fpclassify)
    fputc                                    0x00002909   Thumb Code    32  uart.o(i.fputc)
    main                                     0x0000292d   Thumb Code    90  main.o(i.main)
    _get_lc_numeric                          0x000029cd   Thumb Code    44  lc_numeric_c.o(locale$$code)
    _get_lc_ctype                            0x000029f9   Thumb Code    44  lc_ctype_c.o(locale$$code)
    __aeabi_fmul                             0x00002a25   Thumb Code     0  fmul.o(x$fpl$fmul)
    _fmul                                    0x00002a25   Thumb Code   172  fmul.o(x$fpl$fmul)
    _printf_fp_dec                           0x00002ad5   Thumb Code    16  printf1.o(x$fpl$printf1)
    __I$use$fp                               0x00002ae4   Number         0  usenofp.o(x$fpl$usenofp)
    Region$$Table$$Base                      0x00002c38   Number         0  anon$$obj.o(Region$$Table)
    Region$$Table$$Limit                     0x00002c58   Number         0  anon$$obj.o(Region$$Table)
    __ctype                                  0x00002c81   Data           0  lc_ctype_c.o(locale$$data)
    __stdout                                 0x1ffff000   Data           4  uart.o(.data)
    __stdin                                  0x1ffff004   Data           4  uart.o(.data)
    g_NumSamplesRemaining                    0x1ffff008   Data           2  timers.o(.data)
    count                                    0x1ffff00a   Data           2  timers.o(.data)
    F_TPM_OVFLW                              0x1ffff00c   Data           2  timers.o(.data)
    number                                   0x1ffff010   Data           4  timers.o(.data)
    next_state                               0x1ffff014   Data           1  timers.o(.data)
    g_samples                                0x1ffff018   Data         120  timers.o(.bss)
    my_samples                               0x1ffff090   Data         120  timers.o(.bss)
    __libspace_start                         0x1ffff108   Data          96  libspace.o(.bss)
    __temporary_stack_top$libspace           0x1ffff168   Data           0  libspace.o(.bss)



==============================================================================

Memory Map of the image

  Image Entry point : 0x000000c1

  Load Region LR_IROM1 (Base: 0x00000000, Size: 0x00002d9c, Max: 0x00020000, ABSOLUTE)

    Execution Region ER_IROM1 (Exec base: 0x00000000, Load base: 0x00000000, Size: 0x00002d84, Max: 0x00020000, ABSOLUTE)

    Exec Addr    Load Addr    Size         Type   Attr      Idx    E Section Name        Object

    0x00000000   0x00000000   0x000000c0   Data   RO          328    RESET               startup_mkl25z4.o
    0x000000c0   0x000000c0   0x00000008   Code   RO          411  * !!!main             c_p.l(__main.o)
    0x000000c8   0x000000c8   0x0000003c   Code   RO          661    !!!scatter          c_p.l(__scatter.o)
    0x00000104   0x00000104   0x0000001a   Code   RO          663    !!handler_copy      c_p.l(__scatter_copy.o)
    0x0000011e   0x0000011e   0x00000002   PAD
    0x00000120   0x00000120   0x0000001c   Code   RO          665    !!handler_zi        c_p.l(__scatter_zi.o)
    0x0000013c   0x0000013c   0x00000002   Code   RO          402    .ARM.Collect$$_printf_percent$$00000000  c_p.l(_printf_percent.o)
    0x0000013e   0x0000013e   0x0000000a   Code   RO          401    .ARM.Collect$$_printf_percent$$00000003  c_p.l(_printf_f.o)
    0x00000148   0x00000148   0x0000000a   Code   RO          400    .ARM.Collect$$_printf_percent$$00000009  c_p.l(_printf_d.o)
    0x00000152   0x00000152   0x00000004   Code   RO          451    .ARM.Collect$$_printf_percent$$00000017  c_p.l(_printf_percent_end.o)
    0x00000156   0x00000156   0x00000002   Code   RO          533    .ARM.Collect$$libinit$$00000000  c_p.l(libinit.o)
    0x00000158   0x00000158   0x00000000   Code   RO          535    .ARM.Collect$$libinit$$00000002  c_p.l(libinit2.o)
    0x00000158   0x00000158   0x00000000   Code   RO          537    .ARM.Collect$$libinit$$00000004  c_p.l(libinit2.o)
    0x00000158   0x00000158   0x00000000   Code   RO          540    .ARM.Collect$$libinit$$0000000A  c_p.l(libinit2.o)
    0x00000158   0x00000158   0x00000000   Code   RO          542    .ARM.Collect$$libinit$$0000000C  c_p.l(libinit2.o)
    0x00000158   0x00000158   0x00000000   Code   RO          544    .ARM.Collect$$libinit$$0000000E  c_p.l(libinit2.o)
    0x00000158   0x00000158   0x00000006   Code   RO          545    .ARM.Collect$$libinit$$0000000F  c_p.l(libinit2.o)
    0x0000015e   0x0000015e   0x00000000   Code   RO          547    .ARM.Collect$$libinit$$00000011  c_p.l(libinit2.o)
    0x0000015e   0x0000015e   0x0000000c   Code   RO          548    .ARM.Collect$$libinit$$00000012  c_p.l(libinit2.o)
    0x0000016a   0x0000016a   0x00000000   Code   RO          549    .ARM.Collect$$libinit$$00000013  c_p.l(libinit2.o)
    0x0000016a   0x0000016a   0x00000000   Code   RO          551    .ARM.Collect$$libinit$$00000015  c_p.l(libinit2.o)
    0x0000016a   0x0000016a   0x0000000a   Code   RO          552    .ARM.Collect$$libinit$$00000016  c_p.l(libinit2.o)
    0x00000174   0x00000174   0x00000000   Code   RO          553    .ARM.Collect$$libinit$$00000017  c_p.l(libinit2.o)
    0x00000174   0x00000174   0x00000000   Code   RO          555    .ARM.Collect$$libinit$$00000019  c_p.l(libinit2.o)
    0x00000174   0x00000174   0x00000000   Code   RO          557    .ARM.Collect$$libinit$$0000001B  c_p.l(libinit2.o)
    0x00000174   0x00000174   0x00000000   Code   RO          559    .ARM.Collect$$libinit$$0000001D  c_p.l(libinit2.o)
    0x00000174   0x00000174   0x00000000   Code   RO          561    .ARM.Collect$$libinit$$0000001F  c_p.l(libinit2.o)
    0x00000174   0x00000174   0x00000000   Code   RO          563    .ARM.Collect$$libinit$$00000021  c_p.l(libinit2.o)
    0x00000174   0x00000174   0x00000000   Code   RO          565    .ARM.Collect$$libinit$$00000023  c_p.l(libinit2.o)
    0x00000174   0x00000174   0x00000000   Code   RO          567    .ARM.Collect$$libinit$$00000025  c_p.l(libinit2.o)
    0x00000174   0x00000174   0x00000000   Code   RO          571    .ARM.Collect$$libinit$$0000002C  c_p.l(libinit2.o)
    0x00000174   0x00000174   0x00000000   Code   RO          573    .ARM.Collect$$libinit$$0000002E  c_p.l(libinit2.o)
    0x00000174   0x00000174   0x00000000   Code   RO          575    .ARM.Collect$$libinit$$00000030  c_p.l(libinit2.o)
    0x00000174   0x00000174   0x00000000   Code   RO          577    .ARM.Collect$$libinit$$00000032  c_p.l(libinit2.o)
    0x00000174   0x00000174   0x00000002   Code   RO          578    .ARM.Collect$$libinit$$00000033  c_p.l(libinit2.o)
    0x00000176   0x00000176   0x00000002   Code   RO          626    .ARM.Collect$$libshutdown$$00000000  c_p.l(libshutdown.o)
    0x00000178   0x00000178   0x00000000   Code   RO          644    .ARM.Collect$$libshutdown$$00000002  c_p.l(libshutdown2.o)
    0x00000178   0x00000178   0x00000000   Code   RO          646    .ARM.Collect$$libshutdown$$00000004  c_p.l(libshutdown2.o)
    0x00000178   0x00000178   0x00000000   Code   RO          649    .ARM.Collect$$libshutdown$$00000007  c_p.l(libshutdown2.o)
    0x00000178   0x00000178   0x00000000   Code   RO          652    .ARM.Collect$$libshutdown$$0000000A  c_p.l(libshutdown2.o)
    0x00000178   0x00000178   0x00000000   Code   RO          654    .ARM.Collect$$libshutdown$$0000000C  c_p.l(libshutdown2.o)
    0x00000178   0x00000178   0x00000000   Code   RO          657    .ARM.Collect$$libshutdown$$0000000F  c_p.l(libshutdown2.o)
    0x00000178   0x00000178   0x00000002   Code   RO          658    .ARM.Collect$$libshutdown$$00000010  c_p.l(libshutdown2.o)
    0x0000017a   0x0000017a   0x00000000   Code   RO          435    .ARM.Collect$$rtentry$$00000000  c_p.l(__rtentry.o)
    0x0000017a   0x0000017a   0x00000000   Code   RO          461    .ARM.Collect$$rtentry$$00000002  c_p.l(__rtentry2.o)
    0x0000017a   0x0000017a   0x00000006   Code   RO          473    .ARM.Collect$$rtentry$$00000004  c_p.l(__rtentry4.o)
    0x00000180   0x00000180   0x00000000   Code   RO          463    .ARM.Collect$$rtentry$$00000009  c_p.l(__rtentry2.o)
    0x00000180   0x00000180   0x00000004   Code   RO          464    .ARM.Collect$$rtentry$$0000000A  c_p.l(__rtentry2.o)
    0x00000184   0x00000184   0x00000000   Code   RO          466    .ARM.Collect$$rtentry$$0000000C  c_p.l(__rtentry2.o)
    0x00000184   0x00000184   0x00000008   Code   RO          467    .ARM.Collect$$rtentry$$0000000D  c_p.l(__rtentry2.o)
    0x0000018c   0x0000018c   0x00000002   Code   RO          580    .ARM.Collect$$rtexit$$00000000  c_p.l(rtexit.o)
    0x0000018e   0x0000018e   0x00000000   Code   RO          595    .ARM.Collect$$rtexit$$00000002  c_p.l(rtexit2.o)
    0x0000018e   0x0000018e   0x00000004   Code   RO          596    .ARM.Collect$$rtexit$$00000003  c_p.l(rtexit2.o)
    0x00000192   0x00000192   0x00000006   Code   RO          597    .ARM.Collect$$rtexit$$00000004  c_p.l(rtexit2.o)
    0x00000198   0x00000198   0x00000040   Code   RO          330    .text               startup_mkl25z4.o
    0x000001d8   0x000001d8   0x0000001c   Code   RO          374    .text               c_p.l(noretval__2printf.o)
    0x000001f4   0x000001f4   0x0000006c   Code   RO          376    .text               c_p.l(__printf.o)
    0x00000260   0x00000260   0x0000006c   Code   RO          378    .text               c_p.l(_printf_dec.o)
    0x000002cc   0x000002cc   0x0000001a   Code   RO          403    .text               c_p.l(atoi.o)
    0x000002e6   0x000002e6   0x00000006   Code   RO          409    .text               c_p.l(heapauxi.o)
    0x000002ec   0x000002ec   0x0000007c   Code   RO          413    .text               fz_ps.l(d2f.o)
    0x00000368   0x00000368   0x00000048   Code   RO          418    .text               fz_ps.l(dfixui.o)
    0x000003b0   0x000003b0   0x00000030   Code   RO          427    .text               fz_ps.l(ffixui.o)
    0x000003e0   0x000003e0   0x00000008   Code   RO          443    .text               c_p.l(rt_errno_addr_intlibspace.o)
    0x000003e8   0x000003e8   0x00000008   Code   RO          457    .text               c_p.l(libspace.o)
    0x000003f0   0x000003f0   0x00000010   Code   RO          475    .text               c_p.l(rt_ctype_table.o)
    0x00000400   0x00000400   0x00000010   Code   RO          329    .ARM.__at_0x400     startup_mkl25z4.o
    0x00000410   0x00000410   0x0000015a   Code   RO          405    .text               c_p.l(aeabi_sdiv.o)
    0x0000056a   0x0000056a   0x00000002   PAD
    0x0000056c   0x0000056c   0x00000448   Code   RO          415    .text               fz_ps.l(ddiv.o)
    0x000009b4   0x000009b4   0x00000058   Code   RO          420    .text               fz_ps.l(dflti.o)
    0x00000a0c   0x00000a0c   0x00000054   Code   RO          422    .text               fz_ps.l(f2d.o)
    0x00000a60   0x00000a60   0x00000160   Code   RO          424    .text               fz_ps.l(fdiv.o)
    0x00000bc0   0x00000bc0   0x0000005e   Code   RO          429    .text               fz_ps.l(fflti.o)
    0x00000c1e   0x00000c1e   0x000000b0   Code   RO          445    .text               c_p.l(_printf_intcommon.o)
    0x00000cce   0x00000cce   0x00000002   PAD
    0x00000cd0   0x00000cd0   0x00000418   Code   RO          447    .text               c_p.l(_printf_fp_dec.o)
    0x000010e8   0x000010e8   0x00000028   Code   RO          449    .text               c_p.l(_printf_char_file.o)
    0x00001110   0x00001110   0x00000070   Code   RO          452    .text               c_p.l(strtol.o)
    0x00001180   0x00001180   0x00000028   Code   RO          454    .text               c_p.l(rtudiv10.o)
    0x000011a8   0x000011a8   0x00000008   Code   RO          482    .text               c_p.l(rt_locale_intlibspace.o)
    0x000011b0   0x000011b0   0x0000007a   Code   RO          484    .text               c_p.l(lludiv10.o)
    0x0000122a   0x0000122a   0x00000002   PAD
    0x0000122c   0x0000122c   0x00000030   Code   RO          486    .text               c_p.l(_printf_char_common.o)
    0x0000125c   0x0000125c   0x00000088   Code   RO          488    .text               c_p.l(_printf_fp_infnan.o)
    0x000012e4   0x000012e4   0x000000a6   Code   RO          490    .text               c_p.l(_strtoul.o)
    0x0000138a   0x0000138a   0x00000002   PAD
    0x0000138c   0x0000138c   0x000000d8   Code   RO          492    .text               c_p.l(bigflt0.o)
    0x00001464   0x00001464   0x00000580   Code   RO          495    .text               c_p.l(btod.o)
    0x000019e4   0x000019e4   0x00000008   Code   RO          499    .text               c_p.l(ferror.o)
    0x000019ec   0x000019ec   0x0000003e   Code   RO          510    .text               c_p.l(sys_stackheap_outer.o)
    0x00001a2a   0x00001a2a   0x0000001e   Code   RO          515    .text               c_p.l(_chval.o)
    0x00001a48   0x00001a48   0x00000010   Code   RO          520    .text               c_p.l(exit.o)
    0x00001a58   0x00001a58   0x00000088   Code   RO          526    .text               c_p.l(strcmp.o)
    0x00001ae0   0x00001ae0   0x0000000c   Code   RO          592    .text               c_p.l(sys_exit.o)
    0x00001aec   0x00001aec   0x00000002   Code   RO          613    .text               c_p.l(use_no_semi.o)
    0x00001aee   0x00001aee   0x00000000   Code   RO          615    .text               c_p.l(indicate_semi.o)
    0x00001aee   0x00001aee   0x00000002   PAD
    0x00001af0   0x00001af0   0x000001cc   Code   RO            3    i.Awaiting_samples_state  main.o
    0x00001cbc   0x00001cbc   0x00000328   Code   RO            4    i.CLI_state         main.o
    0x00001fe4   0x00001fe4   0x0000004c   Code   RO          296    i.Control_RGB_LEDs  leds.o
    0x00002030   0x00002030   0x0000005c   Code   RO          224    i.DMA0_IRQHandler   timers.o
    0x0000208c   0x0000208c   0x000001dc   Code   RO          225    i.Init_ADC          timers.o
    0x00002268   0x00002268   0x000000a8   Code   RO          226    i.Init_DMA_To_Copy  timers.o
    0x00002310   0x00002310   0x00000020   Code   RO          227    i.Init_DMA_To_Copy1  timers.o
    0x00002330   0x00002330   0x00000080   Code   RO          297    i.Init_Debug_signals  leds.o
    0x000023b0   0x000023b0   0x0000008c   Code   RO          298    i.Init_RGB_LEDs     leds.o
    0x0000243c   0x0000243c   0x00000048   Code   RO          228    i.Init_TPM0         timers.o
    0x00002484   0x00002484   0x00000088   Code   RO          229    i.Init_TPM1         timers.o
    0x0000250c   0x0000250c   0x000000e8   Code   RO          143    i.Init_UART0        uart.o
    0x000025f4   0x000025f4   0x00000016   Code   RO          144    i.Send_String_Poll  uart.o
    0x0000260a   0x0000260a   0x00000002   PAD
    0x0000260c   0x0000260c   0x000000c0   Code   RO            5    i.Sending_data_state  main.o
    0x000026cc   0x000026cc   0x00000138   Code   RO          339    i.SystemInit        system_mkl25z4.o
    0x00002804   0x00002804   0x00000018   Code   RO          145    i.UART0_Receive_Poll  uart.o
    0x0000281c   0x0000281c   0x00000018   Code   RO          146    i.UART0_Transmit_Poll  uart.o
    0x00002834   0x00002834   0x00000030   Code   RO          497    i.__ARM_common_ll_muluu  c_p.l(btod.o)
    0x00002864   0x00002864   0x0000002c   Code   RO          508    i.__ARM_fpclassify  m_ps.l(fpclassify.o)
    0x00002890   0x00002890   0x00000078   Code   RO          230    i.__NVIC_SetPriority  timers.o
    0x00002908   0x00002908   0x00000024   Code   RO          148    i.fputc             uart.o
    0x0000292c   0x0000292c   0x000000a0   Code   RO            6    i.main              main.o
    0x000029cc   0x000029cc   0x0000002c   Code   RO          504    locale$$code        c_p.l(lc_numeric_c.o)
    0x000029f8   0x000029f8   0x0000002c   Code   RO          518    locale$$code        c_p.l(lc_ctype_c.o)
    0x00002a24   0x00002a24   0x000000b0   Code   RO          431    x$fpl$fmul          fz_ps.l(fmul.o)
    0x00002ad4   0x00002ad4   0x00000010   Code   RO          433    x$fpl$printf1       fz_ps.l(printf1.o)
    0x00002ae4   0x00002ae4   0x00000000   Code   RO          456    x$fpl$usenofp       fz_ps.l(usenofp.o)
    0x00002ae4   0x00002ae4   0x00000080   Data   RO          416    .constdata          fz_ps.l(ddiv.o)
    0x00002b64   0x00002b64   0x00000040   Data   RO          425    .constdata          fz_ps.l(fdiv.o)
    0x00002ba4   0x00002ba4   0x00000094   Data   RO          493    .constdata          c_p.l(bigflt0.o)
    0x00002c38   0x00002c38   0x00000020   Data   RO          659    Region$$Table       anon$$obj.o
    0x00002c58   0x00002c58   0x0000001c   Data   RO          503    locale$$data        c_p.l(lc_numeric_c.o)
    0x00002c74   0x00002c74   0x00000110   Data   RO          517    locale$$data        c_p.l(lc_ctype_c.o)


    Execution Region RW_IRAM1 (Exec base: 0x1ffff000, Load base: 0x00002d84, Size: 0x00000568, Max: 0x00004000, ABSOLUTE)

    Exec Addr    Load Addr    Size         Type   Attr      Idx    E Section Name        Object

    0x1ffff000   0x00002d84   0x00000008   Data   RW          150    .data               uart.o
    0x1ffff008   0x00002d8c   0x0000000d   Data   RW          232    .data               timers.o
    0x1ffff015   0x00002d99   0x00000003   PAD
    0x1ffff018        -       0x000000f0   Zero   RW          231    .bss                timers.o
    0x1ffff108        -       0x00000060   Zero   RW          458    .bss                c_p.l(libspace.o)
    0x1ffff168        -       0x00000000   Zero   RW          327    HEAP                startup_mkl25z4.o
    0x1ffff168        -       0x00000400   Zero   RW          326    STACK               startup_mkl25z4.o


==============================================================================

Image component sizes


      Code (inc. data)   RO Data    RW Data    ZI Data      Debug   Object Name

       344         32          0          0          0       1348   leds.o
      1620        464          0          0          0       8522   main.o
         0          0          0          0          0     211460   queue.o
        80         44        192          0       1024        840   startup_mkl25z4.o
       312         46          0          0          0        557   system_mkl25z4.o
      1096        150          0         13        240      12221   timers.o
       338         32          0          8          0       4001   uart.o

    ----------------------------------------------------------------------
      3792        768        224         24       1264     238949   Object Totals
         0          0         32          0          0          0   (incl. Generated)
         2          0          0          3          0          0   (incl. Padding)

    ----------------------------------------------------------------------

      Code (inc. data)   RO Data    RW Data    ZI Data      Debug   Library Member Name

         8          0          0          0          0         68   __main.o
       108          0          0          0          0         76   __printf.o
         0          0          0          0          0          0   __rtentry.o
        12          0          0          0          0          0   __rtentry2.o
         6          0          0          0          0          0   __rtentry4.o
        60          8          0          0          0          0   __scatter.o
        26          0          0          0          0          0   __scatter_copy.o
        28          0          0          0          0          0   __scatter_zi.o
        30          0          0          0          0         60   _chval.o
        48          6          0          0          0         88   _printf_char_common.o
        40          6          0          0          0         72   _printf_char_file.o
        10          0          0          0          0          0   _printf_d.o
       108         18          0          0          0         76   _printf_dec.o
        10          0          0          0          0          0   _printf_f.o
      1048         14          0          0          0        176   _printf_fp_dec.o
       136         16          0          0          0         76   _printf_fp_infnan.o
       176          0          0          0          0         84   _printf_intcommon.o
         2          0          0          0          0          0   _printf_percent.o
         4          0          0          0          0          0   _printf_percent_end.o
       166          0          0          0          0         84   _strtoul.o
       346          0          0          0          0         92   aeabi_sdiv.o
        26          0          0          0          0         72   atoi.o
       216          6        148          0          0         80   bigflt0.o
      1456         30          0          0          0        336   btod.o
        16          0          0          0          0         68   exit.o
         8          0          0          0          0         60   ferror.o
         6          0          0          0          0        136   heapauxi.o
         0          0          0          0          0          0   indicate_semi.o
        44         10        272          0          0         76   lc_ctype_c.o
        44         10         28          0          0         76   lc_numeric_c.o
         2          0          0          0          0          0   libinit.o
        30          0          0          0          0          0   libinit2.o
         2          0          0          0          0          0   libshutdown.o
         2          0          0          0          0          0   libshutdown2.o
         8          4          0          0         96         68   libspace.o
       122          0          0          0          0         72   lludiv10.o
        28          6          0          0          0         84   noretval__2printf.o
        16          4          0          0          0         76   rt_ctype_table.o
         8          4          0          0          0         68   rt_errno_addr_intlibspace.o
         8          4          0          0          0         68   rt_locale_intlibspace.o
         2          0          0          0          0          0   rtexit.o
        10          0          0          0          0          0   rtexit2.o
        40          0          0          0          0         60   rtudiv10.o
       136          4          0          0          0         72   strcmp.o
       112          4          0          0          0         76   strtol.o
        12          4          0          0          0         60   sys_exit.o
        62          0          0          0          0         80   sys_stackheap_outer.o
         2          0          0          0          0         68   use_no_semi.o
       124          4          0          0          0         72   d2f.o
      1096         26        128          0          0        112   ddiv.o
        72          4          0          0          0         68   dfixui.o
        88          0          0          0          0         92   dflti.o
        84          4          0          0          0         60   f2d.o
       352         10         64          0          0         92   fdiv.o
        48          0          0          0          0         60   ffixui.o
        94          0          0          0          0         92   fflti.o
       176          4          0          0          0         80   fmul.o
        16          4          0          0          0         76   printf1.o
         0          0          0          0          0          0   usenofp.o
        44          4          0          0          0         60   fpclassify.o

    ----------------------------------------------------------------------
      6996        218        640          0         96       3572   Library Totals
        12          0          0          0          0          0   (incl. Padding)

    ----------------------------------------------------------------------

      Code (inc. data)   RO Data    RW Data    ZI Data      Debug   Library Name

      4790        158        448          0         96       2708   c_p.l
      2150         56        192          0          0        804   fz_ps.l
        44          4          0          0          0         60   m_ps.l

    ----------------------------------------------------------------------
      6996        218        640          0         96       3572   Library Totals

    ----------------------------------------------------------------------

==============================================================================


      Code (inc. data)   RO Data    RW Data    ZI Data      Debug   

     10788        986        864         24       1360     239945   Grand Totals
     10788        986        864         24       1360     239945   ELF Image Totals
     10788        986        864         24          0          0   ROM Totals

==============================================================================

    Total RO  Size (Code + RO Data)                11652 (  11.38kB)
    Total RW  Size (RW Data + ZI Data)              1384 (   1.35kB)
    Total ROM Size (Code + RO Data + RW Data)      11676 (  11.40kB)

==============================================================================

